../X-CUBE-AI/App/app_x-cube-ai.c:113:13:ai_log_err	16	static
../X-CUBE-AI/App/app_x-cube-ai.c:126:12:ai_boostrap	32	static
../X-CUBE-AI/App/app_x-cube-ai.c:169:12:ai_run	16	static
../X-CUBE-AI/App/app_x-cube-ai.c:184:6:synchronize_UART	16	static
../X-CUBE-AI/App/app_x-cube-ai.c:216:5:acquire_and_process_data	48	static
../X-CUBE-AI/App/app_x-cube-ai.c:260:5:post_process	56	static
../X-CUBE-AI/App/app_x-cube-ai.c:333:6:MX_X_CUBE_AI_Init	8	static
../X-CUBE-AI/App/app_x-cube-ai.c:342:6:MX_X_CUBE_AI_Process	24	static
