Archive member included to satisfy reference by file (symbol)

../Middlewares/ST/AI/Lib\NetworkRuntime1020_CM4_GCC.a(ai_platform.o)
                              ./X-CUBE-AI/App/mnist.o (ai_buffer_array_item_set_address)
../Middlewares/ST/AI/Lib\NetworkRuntime1020_CM4_GCC.a(ai_platform_interface.o)
                              ./X-CUBE-AI/App/mnist.o (ai_platform_get_weights_map)
../Middlewares/ST/AI/Lib\NetworkRuntime1020_CM4_GCC.a(core_common.o)
                              ../Middlewares/ST/AI/Lib\NetworkRuntime1020_CM4_GCC.a(ai_platform_interface.o) (core_init)
../Middlewares/ST/AI/Lib\NetworkRuntime1020_CM4_GCC.a(core_mem_manager.o)
                              ../Middlewares/ST/AI/Lib\NetworkRuntime1020_CM4_GCC.a(ai_platform_interface.o) (core_mem_alloc)
../Middlewares/ST/AI/Lib\NetworkRuntime1020_CM4_GCC.a(layers.o)
                              ../Middlewares/ST/AI/Lib\NetworkRuntime1020_CM4_GCC.a(ai_platform_interface.o) (ai_check_custom_types)
../Middlewares/ST/AI/Lib\NetworkRuntime1020_CM4_GCC.a(layers_conv2d_generic_float.o)
                              ./X-CUBE-AI/App/mnist.o (forward_conv2d_if32of32wf32_nl_pool)
../Middlewares/ST/AI/Lib\NetworkRuntime1020_CM4_GCC.a(layers_nl_generic_float.o)
                              ./X-CUBE-AI/App/mnist.o (forward_relu)
../Middlewares/ST/AI/Lib\NetworkRuntime1020_CM4_GCC.a(layers_conv2d_integer_scratch.o)
                              ../Middlewares/ST/AI/Lib\NetworkRuntime1020_CM4_GCC.a(layers.o) (get_dense_scratch_size_s8)
../Middlewares/ST/AI/Lib\NetworkRuntime1020_CM4_GCC.a(forward_lite_conv2d_if32of32wf32.o)
                              ../Middlewares/ST/AI/Lib\NetworkRuntime1020_CM4_GCC.a(layers_conv2d_generic_float.o) (forward_lite_conv2d_if32of32wf32)
../Middlewares/ST/AI/Lib\NetworkRuntime1020_CM4_GCC.a(lite_nl_softmax_if32of32.o)
                              ../Middlewares/ST/AI/Lib\NetworkRuntime1020_CM4_GCC.a(layers_nl_generic_float.o) (forward_lite_nl_softmax_if32of32_kernel)
../Middlewares/ST/AI/Lib\NetworkRuntime1020_CM4_GCC.a(lite_nl_relu_if32of32.o)
                              ../Middlewares/ST/AI/Lib\NetworkRuntime1020_CM4_GCC.a(layers_nl_generic_float.o) (forward_lite_nl_prelu_if32of32_kernel)
../Middlewares/ST/AI/Lib\NetworkRuntime1020_CM4_GCC.a(forward_lite_pool_f32.o)
                              ./X-CUBE-AI/App/mnist.o (pool_func_mp_array_f32)
../Middlewares/ST/AI/Lib\NetworkRuntime1020_CM4_GCC.a(lite_dense_if32.o)
                              ../Middlewares/ST/AI/Lib\NetworkRuntime1020_CM4_GCC.a(layers_conv2d_generic_float.o) (lite_decompress_ilutof32)
../Middlewares/ST/AI/Lib\NetworkRuntime1020_CM4_GCC.a(lite_nl_generic_float.o)
                              ./X-CUBE-AI/App/mnist.o (forward_lite_nl_relu_if32of32)
../Middlewares/ST/AI/Lib\NetworkRuntime1020_CM4_GCC.a(st_int8_fill.o)
                              ../Middlewares/ST/AI/Lib\NetworkRuntime1020_CM4_GCC.a(ai_platform_interface.o) (st_int8_copy)
../Middlewares/ST/AI/Lib\NetworkRuntime1020_CM4_GCC.a(ai_math_helpers.o)
                              ../Middlewares/ST/AI/Lib\NetworkRuntime1020_CM4_GCC.a(layers_nl_generic_float.o) (ai_math_sqrt)
../Middlewares/ST/AI/Lib\NetworkRuntime1020_CM4_GCC.a(ai_datatypes_format.o)
                              ../Middlewares/ST/AI/Lib\NetworkRuntime1020_CM4_GCC.a(ai_platform_interface.o) (ai_array_to_buffer_fmt)
../Middlewares/ST/AI/Lib\NetworkRuntime1020_CM4_GCC.a(ai_datatypes_internal.o)
                              ../Middlewares/ST/AI/Lib\NetworkRuntime1020_CM4_GCC.a(ai_platform_interface.o) (ai_version_get)
../Middlewares/ST/AI/Lib\NetworkRuntime1020_CM4_GCC.a(ai_math_elementwise_mul_int8.o)
                              ../Middlewares/ST/AI/Lib\NetworkRuntime1020_CM4_GCC.a(ai_math_helpers.o) (ai_math_elementwise_mul_int8)
../Middlewares/ST/AI/Lib\NetworkRuntime1020_CM4_GCC.a(ai_math_elementwise_sum_int8.o)
                              ../Middlewares/ST/AI/Lib\NetworkRuntime1020_CM4_GCC.a(ai_math_helpers.o) (ai_math_elementwise_sum_int8)
../Middlewares/ST/AI/Lib\NetworkRuntime1020_CM4_GCC.a(st_align_factor.o)
                              ../Middlewares/ST/AI/Lib\NetworkRuntime1020_CM4_GCC.a(ai_math_helpers.o) (align_factor)
C:/ST/STM32CubeIDE_2.0.0/STM32CubeIDE/plugins/com.st.stm32cube.ide.mcu.externaltools.gnu-tools-for-stm32.13.3.rel1.win32_1.0.100.202509120712/tools/bin/../lib/gcc/arm-none-eabi/13.3.1/../../../../arm-none-eabi/lib/thumb/v7e-m+fp/hard\libc_nano.a(libc_a-exit.o)
                              C:/ST/STM32CubeIDE_2.0.0/STM32CubeIDE/plugins/com.st.stm32cube.ide.mcu.externaltools.gnu-tools-for-stm32.13.3.rel1.win32_1.0.100.202509120712/tools/bin/../lib/gcc/arm-none-eabi/13.3.1/../../../../arm-none-eabi/lib/thumb/v7e-m+fp/hard/crt0.o (exit)
C:/ST/STM32CubeIDE_2.0.0/STM32CubeIDE/plugins/com.st.stm32cube.ide.mcu.externaltools.gnu-tools-for-stm32.13.3.rel1.win32_1.0.100.202509120712/tools/bin/../lib/gcc/arm-none-eabi/13.3.1/../../../../arm-none-eabi/lib/thumb/v7e-m+fp/hard\libc_nano.a(libc_a-malloc.o)
[...]
Memory Configuration

Name             Origin             Length             Attributes
RAM              0x20000000         0x00030000         xrw
RAM2             0x10000000         0x00010000         xrw
RAM3             0x20040000         0x00060000         xrw
FLASH            0x08000000         0x00200000         xr
*default*        0x00000000         0xffffffff

Linker script and memory map

LOAD C:/ST/STM32CubeIDE_2.0.0/STM32CubeIDE/plugins/com.st.stm32cube.ide.mcu.externaltools.gnu-tools-for-stm32.13.3.rel1.win32_1.0.100.202509120712/tools/bin/../lib/gcc/arm-none-eabi/13.3.1/thumb/v7e-m+fp/hard/crti.o
LOAD C:/ST/STM32CubeIDE_2.0.0/STM32CubeIDE/plugins/com.st.stm32cube.ide.mcu.externaltools.gnu-tools-for-stm32.13.3.rel1.win32_1.0.100.202509120712/tools/bin/../lib/gcc/arm-none-eabi/13.3.1/thumb/v7e-m+fp/hard/crtbegin.o
LOAD C:/ST/STM32CubeIDE_2.0.0/STM32CubeIDE/plugins/com.st.stm32cube.ide.mcu.externaltools.gnu-tools-for-stm32.13.3.rel1.win32_1.0.100.202509120712/tools/bin/../lib/gcc/arm-none-eabi/13.3.1/../../../../arm-none-eabi/lib/thumb/v7e-m+fp/hard/crt0.o
LOAD ./Core/Src/main.o
LOAD ./Core/Src/stm32l4xx_hal_msp.o
LOAD ./Core/Src/stm32l4xx_it.o
LOAD ./Core/Src/syscalls.o
LOAD ./Core/Src/sysmem.o
LOAD ./Core/Src/system_stm32l4xx.o
LOAD ./Core/Startup/startup_stm32l4r9aiix.o
LOAD ./Drivers/STM32L4xx_HAL_Driver/Src/stm32l4xx_hal.o
LOAD ./Drivers/STM32L4xx_HAL_Driver/Src/stm32l4xx_hal_cortex.o
LOAD ./Drivers/STM32L4xx_HAL_Driver/Src/stm32l4xx_hal_dma.o
LOAD ./Drivers/STM32L4xx_HAL_Driver/Src/stm32l4xx_hal_dma_ex.o
LOAD ./Drivers/STM32L4xx_HAL_Driver/Src/stm32l4xx_hal_exti.o
LOAD ./Drivers/STM32L4xx_HAL_Driver/Src/stm32l4xx_hal_flash.o
LOAD ./Drivers/STM32L4xx_HAL_Driver/Src/stm32l4xx_hal_flash_ex.o
LOAD ./Drivers/STM32L4xx_HAL_Driver/Src/stm32l4xx_hal_flash_ramfunc.o
LOAD ./Drivers/STM32L4xx_HAL_Driver/Src/stm32l4xx_hal_gpio.o
LOAD ./Drivers/STM32L4xx_HAL_Driver/Src/stm32l4xx_hal_i2c.o
LOAD ./Drivers/STM32L4xx_HAL_Driver/Src/stm32l4xx_hal_i2c_ex.o
LOAD ./Drivers/STM32L4xx_HAL_Driver/Src/stm32l4xx_hal_mmc.o
LOAD ./Drivers/STM32L4xx_HAL_Driver/Src/stm32l4xx_hal_mmc_ex.o
LOAD ./Drivers/STM32L4xx_HAL_Driver/Src/stm32l4xx_hal_nand.o
LOAD ./Drivers/STM32L4xx_HAL_Driver/Src/stm32l4xx_hal_nor.o
LOAD ./Drivers/STM32L4xx_HAL_Driver/Src/stm32l4xx_hal_pcd.o
LOAD ./Drivers/STM32L4xx_HAL_Driver/Src/stm32l4xx_hal_pcd_ex.o
LOAD ./Drivers/STM32L4xx_HAL_Driver/Src/stm32l4xx_hal_pwr.o
LOAD ./Drivers/STM32L4xx_HAL_Driver/Src/stm32l4xx_hal_pwr_ex.o
LOAD ./Drivers/STM32L4xx_HAL_Driver/Src/stm32l4xx_hal_rcc.o
LOAD ./Drivers/STM32L4xx_HAL_Driver/Src/stm32l4xx_hal_rcc_ex.o
LOAD ./Drivers/STM32L4xx_HAL_Driver/Src/stm32l4xx_hal_sai.o
LOAD ./Drivers/STM32L4xx_HAL_Driver/Src/stm32l4xx_hal_sai_ex.o
LOAD ./Drivers/STM32L4xx_HAL_Driver/Src/stm32l4xx_hal_sd.o
LOAD ./Drivers/STM32L4xx_HAL_Driver/Src/stm32l4xx_hal_sd_ex.o
LOAD ./Drivers/STM32L4xx_HAL_Driver/Src/stm32l4xx_hal_spi.o
LOAD ./Drivers/STM32L4xx_HAL_Driver/Src/stm32l4xx_hal_spi_ex.o
LOAD ./Drivers/STM32L4xx_HAL_Driver/Src/stm32l4xx_hal_sram.o
LOAD ./Drivers/STM32L4xx_HAL_Driver/Src/stm32l4xx_hal_uart.o
LOAD ./Drivers/STM32L4xx_HAL_Driver/Src/stm32l4xx_hal_uart_ex.o
LOAD ./Drivers/STM32L4xx_HAL_Driver/Src/stm32l4xx_ll_fmc.o
LOAD ./Drivers/STM32L4xx_HAL_Driver/Src/stm32l4xx_ll_sdmmc.o
LOAD ./Drivers/STM32L4xx_HAL_Driver/Src/stm32l4xx_ll_usb.o
LOAD ./X-CUBE-AI/App/app_x-cube-ai.o
LOAD ./X-CUBE-AI/App/mnist.o
LOAD ./X-CUBE-AI/App/mnist_data.o
LOAD ./X-CUBE-AI/App/mnist_data_params.o
LOAD ../Middlewares/ST/AI/Lib\NetworkRuntime1020_CM4_GCC.a
START GROUP
LOAD C:/ST/STM32CubeIDE_2.0.0/STM32CubeIDE/plugins/com.st.stm32cube.ide.mcu.externaltools.gnu-tools-for-stm32.13.3.rel1.win32_1.0.100.202509120712/tools/bin/../lib/gcc/arm-none-eabi/13.3.1/../../../../arm-none-eabi/lib/thumb/v7e-m+fp/hard\libc_nano.a
LOAD C:/ST/STM32CubeIDE_2.0.0/STM32CubeIDE/plugins/com.st.stm32cube.ide.mcu.externaltools.gnu-tools-for-stm32.13.3.rel1.win32_1.0.100.202509120712/tools/bin/../lib/gcc/arm-none-eabi/13.3.1/../../../../arm-none-eabi/lib/thumb/v7e-m+fp/hard\libm.a
END GROUP
START GROUP
LOAD C:/ST/STM32CubeIDE_2.0.0/STM32CubeIDE/plugins/com.st.stm32cube.ide.mcu.externaltools.gnu-tools-for-stm32.13.3.rel1.win32_1.0.100.202509120712/tools/bin/../lib/gcc/arm-none-eabi/13.3.1/thumb/v7e-m+fp/hard\libgcc.a
LOAD C:/ST/STM32CubeIDE_2.0.0/STM32CubeIDE/plugins/com.st.stm32cube.ide.mcu.externaltools.gnu-tools-for-stm32.13.3.rel1.win32_1.0.100.202509120712/tools/bin/../lib/gcc/arm-none-eabi/13.3.1/../../../../arm-none-eabi/lib/thumb/v7e-m+fp/hard\libc_nano.a
END GROUP
START GROUP
LOAD C:/ST/STM32CubeIDE_2.0.0/STM32CubeIDE/plugins/com.st.stm32cube.ide.mcu.externaltools.gnu-tools-for-stm32.13.3.rel1.win32_1.0.100.202509120712/tools/bin/../lib/gcc/arm-none-eabi/13.3.1/thumb/v7e-m+fp/hard\libgcc.a
LOAD C:/ST/STM32CubeIDE_2.0.0/STM32CubeIDE/plugins/com.st.stm32cube.ide.mcu.externaltools.gnu-tools-for-stm32.13.3.rel1.win32_1.0.100.202509120712/tools/bin/../lib/gcc/arm-none-eabi/13.3.1/../../../../arm-none-eabi/lib/thumb/v7e-m+fp/hard\libc_nano.a
LOAD C:/ST/STM32CubeIDE_2.0.0/STM32CubeIDE/plugins/com.st.stm32cube.ide.mcu.externaltools.gnu-tools-for-stm32.13.3.rel1.win32_1.0.100.202509120712/tools/bin/../lib/gcc/arm-none-eabi/13.3.1/../../../../arm-none-eabi/lib/thumb/v7e-m+fp/hard\libnosys.a
END GROUP
START GROUP
LOAD C:/ST/STM32CubeIDE_2.0.0/STM32CubeIDE/plugins/com.st.stm32cube.ide.mcu.externaltools.gnu-tools-for-stm32.13.3.rel1.win32_1.0.100.202509120712/tools/bin/../lib/gcc/arm-none-eabi/13.3.1/thumb/v7e-m+fp/hard\libgcc.a
LOAD C:/ST/STM32CubeIDE_2.0.0/STM32CubeIDE/plugins/com.st.stm32cube.ide.mcu.externaltools.gnu-tools-for-stm32.13.3.rel1.win32_1.0.100.202509120712/tools/bin/../lib/gcc/arm-none-eabi/13.3.1/../../../../arm-none-eabi/lib/thumb/v7e-m+fp/hard\libc_nano.a
LOAD C:/ST/STM32CubeIDE_2.0.0/STM32CubeIDE/plugins/com.st.stm32cube.ide.mcu.externaltools.gnu-tools-for-stm32.13.3.rel1.win32_1.0.100.202509120712/tools/bin/../lib/gcc/arm-none-eabi/13.3.1/../../../../arm-none-eabi/lib/thumb/v7e-m+fp/hard\libnosys.a
END GROUP
LOAD C:/ST/STM32CubeIDE_2.0.0/STM32CubeIDE/plugins/com.st.stm32cube.ide.mcu.externaltools.gnu-tools-for-stm32.13.3.rel1.win32_1.0.100.202509120712/tools/bin/../lib/gcc/arm-none-eabi/13.3.1/thumb/v7e-m+fp/hard/crtend.o
LOAD C:/ST/STM32CubeIDE_2.0.0/STM32CubeIDE/plugins/com.st.stm32cube.ide.mcu.externaltools.gnu-tools-for-stm32.13.3.rel1.win32_1.0.100.202509120712/tools/bin/../lib/gcc/arm-none-eabi/13.3.1/thumb/v7e-m+fp/hard/crtn.o
                0x200a0000                        _estack = (ORIGIN (RAM3) + LENGTH (RAM3))
                0x00000800                        _Min_Heap_Size = 0x800
                0x00001600                        _Min_Stack_Size = 0x1600

.isr_vector     0x08000000      0x1bc
                0x08000000                        . = ALIGN (0x4)
 *(.isr_vector)
 .isr_vector    0x08000000      0x1bc ./Core/Startup/startup_stm32l4r9aiix.o
                0x08000000                g_pfnVectors
                0x080001bc                        . = ALIGN (0x4)

.text           0x080001c0     0xa594
                0x080001c0                        . = ALIGN (0x4)
 *(.text)
 .text          0x080001c0       0x40 C:/ST/STM32CubeIDE_2.0.0/STM32CubeIDE/plugins/com.st.stm32cube.ide.mcu.externaltools.gnu-tools-for-stm32.13.3.rel1.win32_1.0.100.202509120712/tools/bin/../lib/gcc/arm-none-eabi/13.3.1/thumb/v7e-m+fp/hard/crtbegin.o
 .text          0x08000200       0xa0 C:/ST/STM32CubeIDE_2.0.0/STM32CubeIDE/plugins/com.st.stm32cube.ide.mcu.externaltools.gnu-tools-for-stm32.13.3.rel1.win32_1.0.100.202509120712/tools/bin/../lib/gcc/arm-none-eabi/13.3.1/../../../../arm-none-eabi/lib/thumb/v7e-m+fp/hard\libc_nano.a(libc_a-memchr.o)
                0x08000200                memchr
 .text          0x080002a0       0x30 C:/ST/STM32CubeIDE_2.0.0/STM32CubeIDE/plugins/com.st.stm32cube.ide.mcu.externaltools.gnu-tools-for-stm32.13.3.rel1.win32_1.0.100.202509120712/tools/bin/../lib/gcc/arm-none-eabi/13.3.1/thumb/v7e-m+fp/hard\libgcc.a(_aeabi_uldivmod.o)
                0x080002a0                __aeabi_uldivmod
 .text          0x080002d0      0x2f8 C:/ST/STM32CubeIDE_2.0.0/STM32CubeIDE/plugins/com.st.stm32cube.ide.mcu.externaltools.gnu-tools-for-stm32.13.3.rel1.win32_1.0.100.202509120712/tools/bin/../lib/gcc/arm-none-eabi/13.3.1/thumb/v7e-m+fp/hard\libgcc.a(_udivmoddi4.o)
                0x080002d0                __udivmoddi4
 .text          0x080005c8        0x4 C:/ST/STM32CubeIDE_2.0.0/STM32CubeIDE/plugins/com.st.stm32cube.ide.mcu.externaltools.gnu-tools-for-stm32.13.3.rel1.win32_1.0.100.202509120712/tools/bin/../lib/gcc/arm-none-eabi/13.3.1/thumb/v7e-m+fp/hard\libgcc.a(_dvmd_tls.o)
                0x080005c8                __aeabi_idiv0
                0x080005c8                __aeabi_ldiv0
 *(.text*)
 .text.main     0x080005cc       0x32 ./Core/Src/main.o
                0x080005cc                main
 .text.SystemClock_Config
                0x080005fe       0xa6 ./Core/Src/main.o
                0x080005fe                SystemClock_Config
 .text.MX_I2C1_Init
                0x080006a4       0x80 ./Core/Src/main.o
 .text.MX_SAI1_Init
                0x08000724       0xd0 ./Core/Src/main.o
 .text.MX_SPI2_Init
                0x080007f4       0x7c ./Core/Src/main.o
 .text.MX_USART2_UART_Init
                0x08000870       0x98 ./Core/Src/main.o
 .text.MX_USART3_UART_Init
                0x08000908       0x98 ./Core/Src/main.o
 .text.MX_FMC_Init
                0x080009a0       0xcc ./Core/Src/main.o
 .text.MX_GPIO_Init
                0x08000a6c      0x43c ./Core/Src/main.o
 .text.Error_Handler
                0x08000ea8        0xc ./Core/Src/main.o
                0x08000ea8                Error_Handler
 .text.HAL_MspInit
                0x08000eb4       0x48 ./Core/Src/stm32l4xx_hal_msp.o
                0x08000eb4                HAL_MspInit
 .text.HAL_I2C_MspInit
                0x08000efc      0x108 ./Core/Src/stm32l4xx_hal_msp.o
                0x08000efc                HAL_I2C_MspInit
 .text.HAL_SPI_MspInit
                0x08001004       0xc4 ./Core/Src/stm32l4xx_hal_msp.o
                0x08001004                HAL_SPI_MspInit
 .text.HAL_UART_MspInit
                0x080010c8      0x18c ./Core/Src/stm32l4xx_hal_msp.o
                0x080010c8                HAL_UART_MspInit
 .text.HAL_FMC_MspInit
                0x08001254       0xfc ./Core/Src/stm32l4xx_hal_msp.o
 .text.HAL_SRAM_MspInit
                0x08001350       0x14 ./Core/Src/stm32l4xx_hal_msp.o
                0x08001350                HAL_SRAM_MspInit
 .text.HAL_SAI_MspInit
                0x08001364       0xf8 ./Core/Src/stm32l4xx_hal_msp.o
                0x08001364                HAL_SAI_MspInit
 .text.NMI_Handler
                0x0800145c        0x8 ./Core/Src/stm32l4xx_it.o
                0x0800145c                NMI_Handler
 .text.HardFault_Handler
                0x08001464        0x8 ./Core/Src/stm32l4xx_it.o
                0x08001464                HardFault_Handler
 .text.MemManage_Handler
                0x0800146c        0x8 ./Core/Src/stm32l4xx_it.o
                0x0800146c                MemManage_Handler
 .text.BusFault_Handler
                0x08001474        0x8 ./Core/Src/stm32l4xx_it.o
                0x08001474                BusFault_Handler
 .text.UsageFault_Handler
                0x0800147c        0x8 ./Core/Src/stm32l4xx_it.o
                0x0800147c                UsageFault_Handler
 .text.SVC_Handler
                0x08001484        0xe ./Core/Src/stm32l4xx_it.o
                0x08001484                SVC_Handler
 .text.DebugMon_Handler
                0x08001492        0xe ./Core/Src/stm32l4xx_it.o
                0x08001492                DebugMon_Handler
 .text.PendSV_Handler
                0x080014a0        0xe ./Core/Src/stm32l4xx_it.o
                0x080014a0                PendSV_Handler
 .text.SysTick_Handler
                0x080014ae        0xc ./Core/Src/stm32l4xx_it.o
                0x080014ae                SysTick_Handler
 .text._read    0x080014ba       0x3a ./Core/Src/syscalls.o
                0x080014ba                _read
 .text._write   0x080014f4       0x38 ./Core/Src/syscalls.o
                0x080014f4                _write
 .text._close   0x0800152c       0x18 ./Core/Src/syscalls.o
                0x0800152c                _close
 .text._fstat   0x08001544       0x20 ./Core/Src/syscalls.o
                0x08001544                _fstat
 .text._isatty  0x08001564       0x16 ./Core/Src/syscalls.o
                0x08001564                _isatty
 .text._lseek   0x0800157a       0x1a ./Core/Src/syscalls.o
                0x0800157a                _lseek
 .text._sbrk    0x08001594       0x6c ./Core/Src/sysmem.o
                0x08001594                _sbrk
 .text.SystemInit
                0x08001600       0x24 ./Core/Src/system_stm32l4xx.o
                0x08001600                SystemInit
 .text.Reset_Handler
                0x08001624       0x50 ./Core/Startup/startup_stm32l4r9aiix.o
                0x08001624                Reset_Handler
 .text.Default_Handler
                0x08001674        0x2 ./Core/Startup/startup_stm32l4r9aiix.o
                0x08001674                RTC_Alarm_IRQHandler
                0x08001674                EXTI2_IRQHandler
                0x08001674                TIM8_TRG_COM_IRQHandler
                0x08001674                TIM8_CC_IRQHandler
                0x08001674                TIM1_CC_IRQHandler
                0x08001674                TSC_IRQHandler
                0x08001674                TAMP_STAMP_IRQHandler
                0x08001674                EXTI3_IRQHandler
                0x08001674                LPTIM2_IRQHandler
                0x08001674                DFSDM1_FLT1_IRQHandler
                0x08001674                GFXMMU_IRQHandler
                0x08001674                I2C3_ER_IRQHandler
                0x08001674                DFSDM1_FLT2_IRQHandler
                0x08001674                EXTI0_IRQHandler
                0x08001674                I2C2_EV_IRQHandler
                0x08001674                CAN1_RX0_IRQHandler
                0x08001674                FPU_IRQHandler
                0x08001674                TIM1_UP_TIM16_IRQHandler
                0x08001674                LTDC_ER_IRQHandler
                0x08001674                SPI1_IRQHandler
                0x08001674                OCTOSPI1_IRQHandler
                0x08001674                TIM6_DAC_IRQHandler
                0x08001674                DCMI_IRQHandler
                0x08001674                TIM8_UP_IRQHandler
                0x08001674                OCTOSPI2_IRQHandler
                0x08001674                DMA2_Channel2_IRQHandler
                0x08001674                DMA1_Channel4_IRQHandler
                0x08001674                SAI2_IRQHandler
                0x08001674                ADC1_IRQHandler
                0x08001674                DFSDM1_FLT3_IRQHandler
                0x08001674                USART3_IRQHandler
                0x08001674                DMA1_Channel7_IRQHandler
                0x08001674                CAN1_RX1_IRQHandler
                0x08001674                UART5_IRQHandler
                0x08001674                TIM4_IRQHandler
                0x08001674                DMA2_Channel1_IRQHandler
                0x08001674                I2C1_EV_IRQHandler
                0x08001674                DMAMUX1_OVR_IRQHandler
                0x08001674                DMA1_Channel6_IRQHandler
                0x08001674                UART4_IRQHandler
                0x08001674                DMA2_Channel4_IRQHandler
                0x08001674                TIM3_IRQHandler
                0x08001674                RCC_IRQHandler
                0x08001674                DMA1_Channel1_IRQHandler
                0x08001674                Default_Handler
                0x08001674                DMA2_Channel7_IRQHandler
                0x08001674                EXTI15_10_IRQHandler
                0x08001674                TIM7_IRQHandler
                0x08001674                SDMMC1_IRQHandler
                0x08001674                TIM5_IRQHandler
                0x08001674                I2C3_EV_IRQHandler
                0x08001674                EXTI9_5_IRQHandler
                0x08001674                RTC_WKUP_IRQHandler
                0x08001674                LTDC_IRQHandler
                0x08001674                PVD_PVM_IRQHandler
                0x08001674                SPI2_IRQHandler
                0x08001674                CAN1_TX_IRQHandler
                0x08001674                DMA2_Channel5_IRQHandler
                0x08001674                CRS_IRQHandler
                0x08001674                DMA1_Channel5_IRQHandler
                0x08001674                EXTI4_IRQHandler
                0x08001674                RNG_IRQHandler
                0x08001674                TIM1_TRG_COM_TIM17_IRQHandler
                0x08001674                DMA1_Channel3_IRQHandler
                0x08001674                COMP_IRQHandler
                0x08001674                DSI_IRQHandler
                0x08001674                WWDG_IRQHandler
                0x08001674                I2C4_EV_IRQHandler
                0x08001674                LPUART1_IRQHandler
                0x08001674                DMA2_Channel6_IRQHandler
                0x08001674                TIM2_IRQHandler
                0x08001674                DMA2D_IRQHandler
                0x08001674                EXTI1_IRQHandler
                0x08001674                USART2_IRQHandler
                0x08001674                DFSDM1_FLT0_IRQHandler
                0x08001674                I2C2_ER_IRQHandler
                0x08001674                DMA1_Channel2_IRQHandler
                0x08001674                TIM8_BRK_IRQHandler
                0x08001674                CAN1_SCE_IRQHandler
                0x08001674                FLASH_IRQHandler
                0x08001674                USART1_IRQHandler
                0x08001674                OTG_FS_IRQHandler
                0x08001674                SPI3_IRQHandler
                0x08001674                I2C1_ER_IRQHandler
                0x08001674                FMC_IRQHandler
                0x08001674                LPTIM1_IRQHandler
                0x08001674                I2C4_ER_IRQHandler
                0x08001674                SAI1_IRQHandler
                0x08001674                DMA2_Channel3_IRQHandler
                0x08001674                TIM1_BRK_TIM15_IRQHandler
 .text.HAL_Init
                0x08001676       0x30 ./Drivers/STM32L4xx_HAL_Driver/Src/stm32l4xx_hal.o
                0x08001676                HAL_Init
 *fill*         0x080016a6        0x2 
 .text.HAL_InitTick
                0x080016a8       0x78 ./Drivers/STM32L4xx_HAL_Driver/Src/stm32l4xx_hal.o
                0x080016a8                HAL_InitTick
 .text.HAL_IncTick
                0x08001720       0x28 ./Drivers/STM32L4xx_HAL_Driver/Src/stm32l4xx_hal.o
                0x08001720                HAL_IncTick
 .text.HAL_GetTick
                0x08001748       0x18 ./Drivers/STM32L4xx_HAL_Driver/Src/stm32l4xx_hal.o
                0x08001748                HAL_GetTick
 .text.__NVIC_SetPriorityGrouping
                0x08001760       0x48 ./Drivers/STM32L4xx_HAL_Driver/Src/stm32l4xx_hal_cortex.o
 .text.__NVIC_GetPriorityGrouping
                0x080017a8       0x1c ./Drivers/STM32L4xx_HAL_Driver/Src/stm32l4xx_hal_cortex.o
 .text.__NVIC_SetPriority
                0x080017c4       0x54 ./Drivers/STM32L4xx_HAL_Driver/Src/stm32l4xx_hal_cortex.o
 .text.NVIC_EncodePriority
                0x08001818       0x66 ./Drivers/STM32L4xx_HAL_Driver/Src/stm32l4xx_hal_cortex.o
 *fill*         0x0800187e        0x2 
 .text.SysTick_Config
                0x08001880       0x44 ./Drivers/STM32L4xx_HAL_Driver/Src/stm32l4xx_hal_cortex.o
 .text.HAL_NVIC_SetPriorityGrouping
                0x080018c4       0x16 ./Drivers/STM32L4xx_HAL_Driver/Src/stm32l4xx_hal_cortex.o
                0x080018c4                HAL_NVIC_SetPriorityGrouping
 .text.HAL_NVIC_SetPriority
                0x080018da       0x38 ./Drivers/STM32L4xx_HAL_Driver/Src/stm32l4xx_hal_cortex.o
                0x080018da                HAL_NVIC_SetPriority
 .text.HAL_SYSTICK_Config
                0x08001912       0x18 ./Drivers/STM32L4xx_HAL_Driver/Src/stm32l4xx_hal_cortex.o
                0x08001912                HAL_SYSTICK_Config
 *fill*         0x0800192a        0x2 
 .text.HAL_GPIO_Init
                0x0800192c      0x324 ./Drivers/STM32L4xx_HAL_Driver/Src/stm32l4xx_hal_gpio.o
                0x0800192c                HAL_GPIO_Init
 .text.HAL_GPIO_WritePin
                0x08001c50       0x30 ./Drivers/STM32L4xx_HAL_Driver/Src/stm32l4xx_hal_gpio.o
                0x08001c50                HAL_GPIO_WritePin
 .text.HAL_I2C_Init
                0x08001c80      0x136 ./Drivers/STM32L4xx_HAL_Driver/Src/stm32l4xx_hal_i2c.o
                0x08001c80                HAL_I2C_Init
 .text.HAL_I2CEx_ConfigAnalogFilter
                0x08001db6       0x96 ./Drivers/STM32L4xx_HAL_Driver/Src/stm32l4xx_hal_i2c_ex.o
                0x08001db6                HAL_I2CEx_ConfigAnalogFilter
 .text.HAL_I2CEx_ConfigDigitalFilter
                0x08001e4c       0x98 ./Drivers/STM32L4xx_HAL_Driver/Src/stm32l4xx_hal_i2c_ex.o
                0x08001e4c                HAL_I2CEx_ConfigDigitalFilter
 .text.HAL_PWREx_GetVoltageRange
                0x08001ee4       0x40 ./Drivers/STM32L4xx_HAL_Driver/Src/stm32l4xx_hal_pwr_ex.o
                0x08001ee4                HAL_PWREx_GetVoltageRange
 .text.HAL_PWREx_ControlVoltageScaling
                0x08001f24      0x148 ./Drivers/STM32L4xx_HAL_Driver/Src/stm32l4xx_hal_pwr_ex.o
                0x08001f24                HAL_PWREx_ControlVoltageScaling
 .text.HAL_PWREx_EnableVddIO2
                0x0800206c       0x20 ./Drivers/STM32L4xx_HAL_Driver/Src/stm32l4xx_hal_pwr_ex.o
                0x0800206c                HAL_PWREx_EnableVddIO2
 .text.HAL_RCC_OscConfig
                0x0800208c      0x834 ./Drivers/STM32L4xx_HAL_Driver/Src/stm32l4xx_hal_rcc.o
                0x0800208c                HAL_RCC_OscConfig
 .text.HAL_RCC_ClockConfig
                0x080028c0      0x274 ./Drivers/STM32L4xx_HAL_Driver/Src/stm32l4xx_hal_rcc.o
                0x080028c0                HAL_RCC_ClockConfig
 .text.HAL_RCC_GetSysClockFreq
                0x08002b34      0x114 ./Drivers/STM32L4xx_HAL_Driver/Src/stm32l4xx_hal_rcc.o
                0x08002b34                HAL_RCC_GetSysClockFreq
 .text.HAL_RCC_GetHCLKFreq
                0x08002c48       0x18 ./Drivers/STM32L4xx_HAL_Driver/Src/stm32l4xx_hal_rcc.o
                0x08002c48                HAL_RCC_GetHCLKFreq
 .text.HAL_RCC_GetPCLK1Freq
                0x08002c60       0x2c ./Drivers/STM32L4xx_HAL_Driver/Src/stm32l4xx_hal_rcc.o
                0x08002c60                HAL_RCC_GetPCLK1Freq
 .text.HAL_RCC_GetPCLK2Freq
                0x08002c8c       0x2c ./Drivers/STM32L4xx_HAL_Driver/Src/stm32l4xx_hal_rcc.o
                0x08002c8c                HAL_RCC_GetPCLK2Freq
 .text.RCC_SetFlashLatencyFromMSIRange
                0x08002cb8       0xb4 ./Drivers/STM32L4xx_HAL_Driver/Src/stm32l4xx_hal_rcc.o
 .text.RCC_GetSysClockFreqFromPLLSource
                0x08002d6c       0xc8 ./Drivers/STM32L4xx_HAL_Driver/Src/stm32l4xx_hal_rcc.o
 .text.HAL_RCCEx_PeriphCLKConfig
                0x08002e34      0x720 ./Drivers/STM32L4xx_HAL_Driver/Src/stm32l4xx_hal_rcc_ex.o
                0x08002e34                HAL_RCCEx_PeriphCLKConfig
 .text.HAL_RCCEx_GetPeriphCLKFreq
                0x08003554      0xe40 ./Drivers/STM32L4xx_HAL_Driver/Src/stm32l4xx_hal_rcc_ex.o
                0x08003554                HAL_RCCEx_GetPeriphCLKFreq
 .text.RCCEx_PLLSAI1_Config
                0x08004394      0x1e8 ./Drivers/STM32L4xx_HAL_Driver/Src/stm32l4xx_hal_rcc_ex.o
 .text.RCCEx_PLLSAI2_Config
                0x0800457c      0x1e8 ./Drivers/STM32L4xx_HAL_Driver/Src/stm32l4xx_hal_rcc_ex.o
 .text.RCCEx_GetSAIxPeriphCLKFreq
                0x08004764      0x224 ./Drivers/STM32L4xx_HAL_Driver/Src/stm32l4xx_hal_rcc_ex.o
 .text.HAL_SAI_Init
                0x08004988      0x3bc ./Drivers/STM32L4xx_HAL_Driver/Src/stm32l4xx_hal_sai.o
                0x08004988                HAL_SAI_Init
 .text.SAI_Disable
                0x08004d44       0x74 ./Drivers/STM32L4xx_HAL_Driver/Src/stm32l4xx_hal_sai.o
 .text.HAL_SPI_Init
                0x08004db8      0x146 ./Drivers/STM32L4xx_HAL_Driver/Src/stm32l4xx_hal_spi.o
                0x08004db8                HAL_SPI_Init
 .text.HAL_SRAM_Init
                0x08004efe       0x90 ./Drivers/STM32L4xx_HAL_Driver/Src/stm32l4xx_hal_sram.o
                0x08004efe                HAL_SRAM_Init
 .text.HAL_UART_Init
                0x08004f8e       0xa0 ./Drivers/STM32L4xx_HAL_Driver/Src/stm32l4xx_hal_uart.o
                0x08004f8e                HAL_UART_Init
 .text.HAL_UART_Transmit
                0x0800502e      0x132 ./Drivers/STM32L4xx_HAL_Driver/Src/stm32l4xx_hal_uart.o
                0x0800502e                HAL_UART_Transmit
 .text.HAL_UART_Receive
                0x08005160      0x1a0 ./Drivers/STM32L4xx_HAL_Driver/Src/stm32l4xx_hal_uart.o
                0x08005160                HAL_UART_Receive
 .text.UART_SetConfig
                0x08005300      0x5f8 ./Drivers/STM32L4xx_HAL_Driver/Src/stm32l4xx_hal_uart.o
                0x08005300                UART_SetConfig
 .text.UART_AdvFeatureConfig
                0x080058f8      0x144 ./Drivers/STM32L4xx_HAL_Driver/Src/stm32l4xx_hal_uart.o
                0x080058f8                UART_AdvFeatureConfig
 .text.UART_CheckIdleState
                0x08005a3c      0x154 ./Drivers/STM32L4xx_HAL_Driver/Src/stm32l4xx_hal_uart.o
                0x08005a3c                UART_CheckIdleState
 .text.UART_WaitOnFlagUntilTimeout
                0x08005b90       0xda ./Drivers/STM32L4xx_HAL_Driver/Src/stm32l4xx_hal_uart.o
                0x08005b90                UART_WaitOnFlagUntilTimeout
 .text.UART_EndRxTransfer
                0x08005c6a       0xcc ./Drivers/STM32L4xx_HAL_Driver/Src/stm32l4xx_hal_uart.o
 .text.HAL_UARTEx_DisableFifoMode
                0x08005d36       0x72 ./Drivers/STM32L4xx_HAL_Driver/Src/stm32l4xx_hal_uart_ex.o
                0x08005d36                HAL_UARTEx_DisableFifoMode
 .text.HAL_UARTEx_SetTxFifoThreshold
                0x08005da8       0x7c ./Drivers/STM32L4xx_HAL_Driver/Src/stm32l4xx_hal_uart_ex.o
                0x08005da8                HAL_UARTEx_SetTxFifoThreshold
 .text.HAL_UARTEx_SetRxFifoThreshold
                0x08005e24       0x7c ./Drivers/STM32L4xx_HAL_Driver/Src/stm32l4xx_hal_uart_ex.o
                0x08005e24                HAL_UARTEx_SetRxFifoThreshold
 .text.UARTEx_SetNbDataToProcess
                0x08005ea0       0x9c ./Drivers/STM32L4xx_HAL_Driver/Src/stm32l4xx_hal_uart_ex.o
 .text.FMC_NORSRAM_Init
                0x08005f3c      0x134 ./Drivers/STM32L4xx_HAL_Driver/Src/stm32l4xx_ll_fmc.o
                0x08005f3c                FMC_NORSRAM_Init
 .text.FMC_NORSRAM_Timing_Init
                0x08006070       0x9a ./Drivers/STM32L4xx_HAL_Driver/Src/stm32l4xx_ll_fmc.o
                0x08006070                FMC_NORSRAM_Timing_Init
 .text.FMC_NORSRAM_Extended_Timing_Init
                0x0800610a       0x74 ./Drivers/STM32L4xx_HAL_Driver/Src/stm32l4xx_ll_fmc.o
                0x0800610a                FMC_NORSRAM_Extended_Timing_Init
 *fill*         0x0800617e        0x2 
 .text.ai_log_err
                0x08006180       0x44 ./X-CUBE-AI/App/app_x-cube-ai.o
 .text.ai_boostrap
                0x080061c4       0xc8 ./X-CUBE-AI/App/app_x-cube-ai.o
 .text.ai_run   0x0800628c       0x54 ./X-CUBE-AI/App/app_x-cube-ai.o
 .text.synchronize_UART
                0x080062e0       0x54 ./X-CUBE-AI/App/app_x-cube-ai.o
                0x080062e0                synchronize_UART
 .text.acquire_and_process_data
                0x08006334      0x150 ./X-CUBE-AI/App/app_x-cube-ai.o
                0x08006334                acquire_and_process_data
 .text.post_process
                0x08006484      0x100 ./X-CUBE-AI/App/app_x-cube-ai.o
                0x08006484                post_process
 .text.MX_X_CUBE_AI_Init
                0x08006584       0x1c ./X-CUBE-AI/App/app_x-cube-ai.o
                0x08006584                MX_X_CUBE_AI_Init
 .text.MX_X_CUBE_AI_Process
                0x080065a0       0x84 ./X-CUBE-AI/App/app_x-cube-ai.o
                0x080065a0                MX_X_CUBE_AI_Process
 .text.mnist_configure_activations
                0x08006624       0xf8 ./X-CUBE-AI/App/mnist.o
 .text.mnist_configure_weights
                0x0800671c      0x118 ./X-CUBE-AI/App/mnist.o
 .text.ai_mnist_get_error
                0x08006834       0x18 ./X-CUBE-AI/App/mnist.o
                0x08006834                ai_mnist_get_error
 .text.ai_mnist_create
                0x0800684c       0x2c ./X-CUBE-AI/App/mnist.o
                0x0800684c                ai_mnist_create
 .text.ai_mnist_create_and_init
                0x08006878       0xfc ./X-CUBE-AI/App/mnist.o
                0x08006878                ai_mnist_create_and_init
 .text.ai_mnist_inputs_get
                0x08006974       0x34 ./X-CUBE-AI/App/mnist.o
                0x08006974                ai_mnist_inputs_get
 .text.ai_mnist_outputs_get
                0x080069a8       0x34 ./X-CUBE-AI/App/mnist.o
                0x080069a8                ai_mnist_outputs_get
 .text.ai_mnist_init
                0x080069dc       0x78 ./X-CUBE-AI/App/mnist.o
                0x080069dc                ai_mnist_init
 .text.ai_mnist_run
                0x08006a54       0x20 ./X-CUBE-AI/App/mnist.o
                0x08006a54                ai_mnist_run
 .text.ai_mnist_data_params_get
                0x08006a74       0x50 ./X-CUBE-AI/App/mnist_data.o
                0x08006a74                ai_mnist_data_params_get
 .text.ai_buffer_get_size
                0x08006ac4       0x64 ../Middlewares/ST/AI/Lib\NetworkRuntime1020_CM4_GCC.a(ai_platform.o)
                0x08006ac4                ai_buffer_get_size
 .text.ai_buffer_array_sane
                0x08006b28       0x14 ../Middlewares/ST/AI/Lib\NetworkRuntime1020_CM4_GCC.a(ai_platform.o)
                0x08006b28                ai_buffer_array_sane
 .text.ai_buffer_array_item_set_address
                0x08006b3c       0x1c ../Middlewares/ST/AI/Lib\NetworkRuntime1020_CM4_GCC.a(ai_platform.o)
                0x08006b3c                ai_buffer_array_item_set_address
 .text.ai_platform_get_weights_map
                0x08006b58       0xa4 ../Middlewares/ST/AI/Lib\NetworkRuntime1020_CM4_GCC.a(ai_platform_interface.o)
                0x08006b58                ai_platform_get_weights_map
 .text.ai_platform_get_activations_map
                0x08006bfc       0xa8 ../Middlewares/ST/AI/Lib\NetworkRuntime1020_CM4_GCC.a(ai_platform_interface.o)
                0x08006bfc                ai_platform_get_activations_map
 .text.ai_platform_bind_network_params
                0x08006ca4       0x44 ../Middlewares/ST/AI/Lib\NetworkRuntime1020_CM4_GCC.a(ai_platform_interface.o)
                0x08006ca4                ai_platform_bind_network_params
 .text.ai_platform_network_get_error
                0x08006ce8       0x18 ../Middlewares/ST/AI/Lib\NetworkRuntime1020_CM4_GCC.a(ai_platform_interface.o)
                0x08006ce8                ai_platform_network_get_error
 .text.ai_platform_network_set_error
                0x08006d00        0xc ../Middlewares/ST/AI/Lib\NetworkRuntime1020_CM4_GCC.a(ai_platform_interface.o)
                0x08006d00                ai_platform_network_set_error
 .text.ai_platform_inputs_get
                0x08006d0c       0xec ../Middlewares/ST/AI/Lib\NetworkRuntime1020_CM4_GCC.a(ai_platform_interface.o)
                0x08006d0c                ai_platform_inputs_get
 .text.ai_platform_outputs_get
                0x08006df8       0xe4 ../Middlewares/ST/AI/Lib\NetworkRuntime1020_CM4_GCC.a(ai_platform_interface.o)
                0x08006df8                ai_platform_outputs_get
 .text.ai_platform_network_create
                0x08006edc       0x84 ../Middlewares/ST/AI/Lib\NetworkRuntime1020_CM4_GCC.a(ai_platform_interface.o)
                0x08006edc                ai_platform_network_create
 .text.ai_platform_network_init
                0x08006f60      0x130 ../Middlewares/ST/AI/Lib\NetworkRuntime1020_CM4_GCC.a(ai_platform_interface.o)
                0x08006f60                ai_platform_network_init
 .text.ai_platform_network_post_init
                0x08007090       0x5c ../Middlewares/ST/AI/Lib\NetworkRuntime1020_CM4_GCC.a(ai_platform_interface.o)
                0x08007090                ai_platform_network_post_init
 .text.ai_platform_network_process
                0x080070ec      0x438 ../Middlewares/ST/AI/Lib\NetworkRuntime1020_CM4_GCC.a(ai_platform_interface.o)
                0x080070ec                ai_platform_network_process
 .text.core_init
                0x08007524        0x4 ../Middlewares/ST/AI/Lib\NetworkRuntime1020_CM4_GCC.a(core_common.o)
                0x08007524                core_init
 .text.core_get_error
                0x08007528        0xc ../Middlewares/ST/AI/Lib\NetworkRuntime1020_CM4_GCC.a(core_common.o)
                0x08007528                core_get_error
 .text.core_set_error
                0x08007534       0x18 ../Middlewares/ST/AI/Lib\NetworkRuntime1020_CM4_GCC.a(core_common.o)
                0x08007534                core_set_error
 .text.ai_check_custom_types
                0x0800754c       0x54 ../Middlewares/ST/AI/Lib\NetworkRuntime1020_CM4_GCC.a(layers.o)
                0x0800754c                ai_check_custom_types
 .text.ai_layers_init_all
                0x080075a0       0x20 ../Middlewares/ST/AI/Lib\NetworkRuntime1020_CM4_GCC.a(layers.o)
                0x080075a0                ai_layers_init_all
 .text.ai_layers_post_init_all
                0x080075c0       0x3c ../Middlewares/ST/AI/Lib\NetworkRuntime1020_CM4_GCC.a(layers.o)
                0x080075c0                ai_layers_post_init_all
 .text.ai_layers_forward_all
                0x080075fc       0x90 ../Middlewares/ST/AI/Lib\NetworkRuntime1020_CM4_GCC.a(layers.o)
                0x080075fc                ai_layers_forward_all
 .text.forward_conv2d_if32of32wf32_nl_pool
                0x0800768c      0x2d4 ../Middlewares/ST/AI/Lib\NetworkRuntime1020_CM4_GCC.a(layers_conv2d_generic_float.o)
                0x0800768c                forward_conv2d_if32of32wf32_nl_pool
 .text.forward_dense
                0x08007960      0x100 ../Middlewares/ST/AI/Lib\NetworkRuntime1020_CM4_GCC.a(layers_conv2d_generic_float.o)
                0x08007960                forward_dense
 .text.forward_relu
                0x08007a60      0x134 ../Middlewares/ST/AI/Lib\NetworkRuntime1020_CM4_GCC.a(layers_nl_generic_float.o)
                0x08007a60                forward_relu
 .text.forward_sm
                0x08007b94       0x84 ../Middlewares/ST/AI/Lib\NetworkRuntime1020_CM4_GCC.a(layers_nl_generic_float.o)
                0x08007b94                forward_sm
 .text.forward_lite_conv2d_if32of32wf32_pool
                0x08007c18      0x830 ../Middlewares/ST/AI/Lib\NetworkRuntime1020_CM4_GCC.a(forward_lite_conv2d_if32of32wf32.o)
                0x08007c18                forward_lite_conv2d_if32of32wf32_pool
 .text.forward_lite_nl_softmax_if32of32_kernel
                0x08008448       0xf0 ../Middlewares/ST/AI/Lib\NetworkRuntime1020_CM4_GCC.a(lite_nl_softmax_if32of32.o)
                0x08008448                forward_lite_nl_softmax_if32of32_kernel
 .text.forward_lite_nl_relu_generic_if32of32_kernel
                0x08008538       0xf0 ../Middlewares/ST/AI/Lib\NetworkRuntime1020_CM4_GCC.a(lite_nl_relu_if32of32.o)
                0x08008538                forward_lite_nl_relu_generic_if32of32_kernel
 .text.pool_func_mp_array_f32
                0x08008628      0x468 ../Middlewares/ST/AI/Lib\NetworkRuntime1020_CM4_GCC.a(forward_lite_pool_f32.o)
                0x08008628                pool_func_mp_array_f32
 .text.forward_lite_dense_if32of32wf32
                0x08008a90      0x2ac ../Middlewares/ST/AI/Lib\NetworkRuntime1020_CM4_GCC.a(lite_dense_if32.o)
                0x08008a90                forward_lite_dense_if32of32wf32
 .text.forward_lite_dense_if32of32wf32_lut4
                0x08008d3c      0x288 ../Middlewares/ST/AI/Lib\NetworkRuntime1020_CM4_GCC.a(lite_dense_if32.o)
                0x08008d3c                forward_lite_dense_if32of32wf32_lut4
 .text.forward_lite_dense_if32of32wf32_lut8
                0x08008fc4      0x298 ../Middlewares/ST/AI/Lib\NetworkRuntime1020_CM4_GCC.a(lite_dense_if32.o)
                0x08008fc4                forward_lite_dense_if32of32wf32_lut8
 .text.forward_lite_nl_relu_if32of32
                0x0800925c       0x44 ../Middlewares/ST/AI/Lib\NetworkRuntime1020_CM4_GCC.a(lite_nl_generic_float.o)
                0x0800925c                forward_lite_nl_relu_if32of32
 .text.forward_lite_nl_softmax_if32of32
                0x080092a0       0x64 ../Middlewares/ST/AI/Lib\NetworkRuntime1020_CM4_GCC.a(lite_nl_generic_float.o)
                0x080092a0                forward_lite_nl_softmax_if32of32
 .text.st_int8_copy
                0x08009304      0x13c ../Middlewares/ST/AI/Lib\NetworkRuntime1020_CM4_GCC.a(st_int8_fill.o)
                0x08009304                st_int8_copy
 .text.ai_array_to_buffer_fmt
                0x08009440       0xe0 ../Middlewares/ST/AI/Lib\NetworkRuntime1020_CM4_GCC.a(ai_datatypes_format.o)
                0x08009440                ai_array_to_buffer_fmt
 .text.ai_array_get_byte_size
                0x08009520       0x3c ../Middlewares/ST/AI/Lib\NetworkRuntime1020_CM4_GCC.a(ai_datatypes_format.o)
                0x08009520                ai_array_get_byte_size
 .text.ai_array_get_data_byte_size
                0x0800955c       0x24 ../Middlewares/ST/AI/Lib\NetworkRuntime1020_CM4_GCC.a(ai_datatypes_format.o)
                0x0800955c                ai_array_get_data_byte_size
 .text.ai_version_get
                0x08009580        0xc ../Middlewares/ST/AI/Lib\NetworkRuntime1020_CM4_GCC.a(ai_datatypes_internal.o)
                0x08009580                ai_version_get
 .text.get_tensor_byte_size
                0x0800958c       0x30 ../Middlewares/ST/AI/Lib\NetworkRuntime1020_CM4_GCC.a(ai_datatypes_internal.o)
                0x0800958c                get_tensor_byte_size
 .text.sbrk_aligned
                0x080095bc       0x44 C:/ST/STM32CubeIDE_2.0.0/STM32CubeIDE/plugins/com.st.stm32cube.ide.mcu.externaltools.gnu-tools-for-stm32.13.3.rel1.win32_1.0.100.202509120712/tools/bin/../lib/gcc/arm-none-eabi/13.3.1/../../../../arm-none-eabi/lib/thumb/v7e-m+fp/hard\libc_nano.a(libc_a-mallocr.o)
 .text._malloc_r
                0x08009600      0x100 C:/ST/STM32CubeIDE_2.0.0/STM32CubeIDE/plugins/com.st.stm32cube.ide.mcu.externaltools.gnu-tools-for-stm32.13.3.rel1.win32_1.0.100.202509120712/tools/bin/../lib/gcc/arm-none-eabi/13.3.1/../../../../arm-none-eabi/lib/thumb/v7e-m+fp/hard\libc_nano.a(libc_a-mallocr.o)
                0x08009600                _malloc_r
 .text.__malloc_lock
                0x08009700        0xc C:/ST/STM32CubeIDE_2.0.0/STM32CubeIDE/plugins/com.st.stm32cube.ide.mcu.externaltools.gnu-tools-for-stm32.13.3.rel1.win32_1.0.100.202509120712/tools/bin/../lib/gcc/arm-none-eabi/13.3.1/../../../../arm-none-eabi/lib/thumb/v7e-m+fp/hard\libc_nano.a(libc_a-mlock.o)
                0x08009700                __malloc_lock
 .text.__malloc_unlock
                0x0800970c        0xc C:/ST/STM32CubeIDE_2.0.0/STM32CubeIDE/plugins/com.st.stm32cube.ide.mcu.externaltools.gnu-tools-for-stm32.13.3.rel1.win32_1.0.100.202509120712/tools/bin/../lib/gcc/arm-none-eabi/13.3.1/../../../../arm-none-eabi/lib/thumb/v7e-m+fp/hard\libc_nano.a(libc_a-mlock.o)
                0x0800970c                __malloc_unlock
 .text.std      0x08009718       0x6c C:/ST/STM32CubeIDE_2.0.0/STM32CubeIDE/plugins/com.st.stm32cube.ide.mcu.externaltools.gnu-tools-for-stm32.13.3.rel1.win32_1.0.100.202509120712/tools/bin/../lib/gcc/arm-none-eabi/13.3.1/../../../../arm-none-eabi/lib/thumb/v7e-m+fp/hard\libc_nano.a(libc_a-findfp.o)
 .text.stdio_exit_handler
                0x08009784       0x18 C:/ST/STM32CubeIDE_2.0.0/STM32CubeIDE/plugins/com.st.stm32cube.ide.mcu.externaltools.gnu-tools-for-stm32.13.3.rel1.win32_1.0.100.202509120712/tools/bin/../lib/gcc/arm-none-eabi/13.3.1/../../../../arm-none-eabi/lib/thumb/v7e-m+fp/hard\libc_nano.a(libc_a-findfp.o)
 .text.cleanup_stdio
                0x0800979c       0x40 C:/ST/STM32CubeIDE_2.0.0/STM32CubeIDE/plugins/com.st.stm32cube.ide.mcu.externaltools.gnu-tools-for-stm32.13.3.rel1.win32_1.0.100.202509120712/tools/bin/../lib/gcc/arm-none-eabi/13.3.1/../../../../arm-none-eabi/lib/thumb/v7e-m+fp/hard\libc_nano.a(libc_a-findfp.o)
 .text.global_stdio_init.part.0
                0x080097dc       0x3c C:/ST/STM32CubeIDE_2.0.0/STM32CubeIDE/plugins/com.st.stm32cube.ide.mcu.externaltools.gnu-tools-for-stm32.13.3.rel1.win32_1.0.100.202509120712/tools/bin/../lib/gcc/arm-none-eabi/13.3.1/../../../../arm-none-eabi/lib/thumb/v7e-m+fp/hard\libc_nano.a(libc_a-findfp.o)
 .text.__sfp_lock_acquire
                0x08009818        0xc C:/ST/STM32CubeIDE_2.0.0/STM32CubeIDE/plugins/com.st.stm32cube.ide.mcu.externaltools.gnu-tools-for-stm32.13.3.rel1.win32_1.0.100.202509120712/tools/bin/../lib/gcc/arm-none-eabi/13.3.1/../../../../arm-none-eabi/lib/thumb/v7e-m+fp/hard\libc_nano.a(libc_a-findfp.o)
                0x08009818                __sfp_lock_acquire
 .text.__sfp_lock_release
                0x08009824        0xc C:/ST/STM32CubeIDE_2.0.0/STM32CubeIDE/plugins/com.st.stm32cube.ide.mcu.externaltools.gnu-tools-for-stm32.13.3.rel1.win32_1.0.100.202509120712/tools/bin/../lib/gcc/arm-none-eabi/13.3.1/../../../../arm-none-eabi/lib/thumb/v7e-m+fp/hard\libc_nano.a(libc_a-findfp.o)
                0x08009824                __sfp_lock_release
 .text.__sinit  0x08009830       0x30 C:/ST/STM32CubeIDE_2.0.0/STM32CubeIDE/plugins/com.st.stm32cube.ide.mcu.externaltools.gnu-tools-for-stm32.13.3.rel1.win32_1.0.100.202509120712/tools/bin/../lib/gcc/arm-none-eabi/13.3.1/../../../../arm-none-eabi/lib/thumb/v7e-m+fp/hard\libc_nano.a(libc_a-findfp.o)
                0x08009830                __sinit
 .text._fwalk_sglue
                0x08009860       0x3c C:/ST/STM32CubeIDE_2.0.0/STM32CubeIDE/plugins/com.st.stm32cube.ide.mcu.externaltools.gnu-tools-for-stm32.13.3.rel1.win32_1.0.100.202509120712/tools/bin/../lib/gcc/arm-none-eabi/13.3.1/../../../../arm-none-eabi/lib/thumb/v7e-m+fp/hard\libc_nano.a(libc_a-fwalk.o)
                0x08009860                _fwalk_sglue
 .text.printf   0x0800989c       0x24 C:/ST/STM32CubeIDE_2.0.0/STM32CubeIDE/plugins/com.st.stm32cube.ide.mcu.externaltools.gnu-tools-for-stm32.13.3.rel1.win32_1.0.100.202509120712/tools/bin/../lib/gcc/arm-none-eabi/13.3.1/../../../../arm-none-eabi/lib/thumb/v7e-m+fp/hard\libc_nano.a(libc_a-printf.o)
                0x0800989c                iprintf
                0x0800989c                printf
 .text._puts_r  0x080098c0       0xaa C:/ST/STM32CubeIDE_2.0.0/STM32CubeIDE/plugins/com.st.stm32cube.ide.mcu.externaltools.gnu-tools-for-stm32.13.3.rel1.win32_1.0.100.202509120712/tools/bin/../lib/gcc/arm-none-eabi/13.3.1/../../../../arm-none-eabi/lib/thumb/v7e-m+fp/hard\libc_nano.a(libc_a-puts.o)
                0x080098c0                _puts_r
 *fill*         0x0800996a        0x2 
 .text.puts     0x0800996c       0x10 C:/ST/STM32CubeIDE_2.0.0/STM32CubeIDE/plugins/com.st.stm32cube.ide.mcu.externaltools.gnu-tools-for-stm32.13.3.rel1.win32_1.0.100.202509120712/tools/bin/../lib/gcc/arm-none-eabi/13.3.1/../../../../arm-none-eabi/lib/thumb/v7e-m+fp/hard\libc_nano.a(libc_a-puts.o)
                0x0800996c                puts
 .text.__sread  0x0800997c       0x22 C:/ST/STM32CubeIDE_2.0.0/STM32CubeIDE/plugins/com.st.stm32cube.ide.mcu.externaltools.gnu-tools-for-stm32.13.3.rel1.win32_1.0.100.202509120712/tools/bin/../lib/gcc/arm-none-eabi/13.3.1/../../../../arm-none-eabi/lib/thumb/v7e-m+fp/hard\libc_nano.a(libc_a-stdio.o)
                0x0800997c                __sread
 .text.__swrite
                0x0800999e       0x38 C:/ST/STM32CubeIDE_2.0.0/STM32CubeIDE/plugins/com.st.stm32cube.ide.mcu.externaltools.gnu-tools-for-stm32.13.3.rel1.win32_1.0.100.202509120712/tools/bin/../lib/gcc/arm-none-eabi/13.3.1/../../../../arm-none-eabi/lib/thumb/v7e-m+fp/hard\libc_nano.a(libc_a-stdio.o)
                0x0800999e                __swrite
 .text.__sseek  0x080099d6       0x24 C:/ST/STM32CubeIDE_2.0.0/STM32CubeIDE/plugins/com.st.stm32cube.ide.mcu.externaltools.gnu-tools-for-stm32.13.3.rel1.win32_1.0.100.202509120712/tools/bin/../lib/gcc/arm-none-eabi/13.3.1/../../../../arm-none-eabi/lib/thumb/v7e-m+fp/hard\libc_nano.a(libc_a-stdio.o)
                0x080099d6                __sseek
 .text.__sclose
                0x080099fa        0x8 C:/ST/STM32CubeIDE_2.0.0/STM32CubeIDE/plugins/com.st.stm32cube.ide.mcu.externaltools.gnu-tools-for-stm32.13.3.rel1.win32_1.0.100.202509120712/tools/bin/../lib/gcc/arm-none-eabi/13.3.1/../../../../arm-none-eabi/lib/thumb/v7e-m+fp/hard\libc_nano.a(libc_a-stdio.o)
                0x080099fa                __sclose
 .text.__swbuf_r
                0x08009a02       0x7c C:/ST/STM32CubeIDE_2.0.0/STM32CubeIDE/plugins/com.st.stm32cube.ide.mcu.externaltools.gnu-tools-for-stm32.13.3.rel1.win32_1.0.100.202509120712/tools/bin/../lib/gcc/arm-none-eabi/13.3.1/../../../../arm-none-eabi/lib/thumb/v7e-m+fp/hard\libc_nano.a(libc_a-wbuf.o)
                0x08009a02                __swbuf_r
 *fill*         0x08009a7e        0x2 
 .text.__swsetup_r
                0x08009a80       0xac C:/ST/STM32CubeIDE_2.0.0/STM32CubeIDE/plugins/com.st.stm32cube.ide.mcu.externaltools.gnu-tools-for-stm32.13.3.rel1.win32_1.0.100.202509120712/tools/bin/../lib/gcc/arm-none-eabi/13.3.1/../../../../arm-none-eabi/lib/thumb/v7e-m+fp/hard\libc_nano.a(libc_a-wsetup.o)
                0x08009a80                __swsetup_r
 .text.memset   0x08009b2c       0x10 C:/ST/STM32CubeIDE_2.0.0/STM32CubeIDE/plugins/com.st.stm32cube.ide.mcu.externaltools.gnu-tools-for-stm32.13.3.rel1.win32_1.0.100.202509120712/tools/bin/../lib/gcc/arm-none-eabi/13.3.1/../../../../arm-none-eabi/lib/thumb/v7e-m+fp/hard\libc_nano.a(libc_a-memset.o)
                0x08009b2c                memset
 .text._close_r
                0x08009b3c       0x20 C:/ST/STM32CubeIDE_2.0.0/STM32CubeIDE/plugins/com.st.stm32cube.ide.mcu.externaltools.gnu-tools-for-stm32.13.3.rel1.win32_1.0.100.202509120712/tools/bin/../lib/gcc/arm-none-eabi/13.3.1/../../../../arm-none-eabi/lib/thumb/v7e-m+fp/hard\libc_nano.a(libc_a-closer.o)
                0x08009b3c                _close_r
 .text._lseek_r
                0x08009b5c       0x24 C:/ST/STM32CubeIDE_2.0.0/STM32CubeIDE/plugins/com.st.stm32cube.ide.mcu.externaltools.gnu-tools-for-stm32.13.3.rel1.win32_1.0.100.202509120712/tools/bin/../lib/gcc/arm-none-eabi/13.3.1/../../../../arm-none-eabi/lib/thumb/v7e-m+fp/hard\libc_nano.a(libc_a-lseekr.o)
                0x08009b5c                _lseek_r
 .text._read_r  0x08009b80       0x24 C:/ST/STM32CubeIDE_2.0.0/STM32CubeIDE/plugins/com.st.stm32cube.ide.mcu.externaltools.gnu-tools-for-stm32.13.3.rel1.win32_1.0.100.202509120712/tools/bin/../lib/gcc/arm-none-eabi/13.3.1/../../../../arm-none-eabi/lib/thumb/v7e-m+fp/hard\libc_nano.a(libc_a-readr.o)
                0x08009b80                _read_r
 .text._sbrk_r  0x08009ba4       0x20 C:/ST/STM32CubeIDE_2.0.0/STM32CubeIDE/plugins/com.st.stm32cube.ide.mcu.externaltools.gnu-tools-for-stm32.13.3.rel1.win32_1.0.100.202509120712/tools/bin/../lib/gcc/arm-none-eabi/13.3.1/../../../../arm-none-eabi/lib/thumb/v7e-m+fp/hard\libc_nano.a(libc_a-sbrkr.o)
                0x08009ba4                _sbrk_r
 .text._write_r
                0x08009bc4       0x24 C:/ST/STM32CubeIDE_2.0.0/STM32CubeIDE/plugins/com.st.stm32cube.ide.mcu.externaltools.gnu-tools-for-stm32.13.3.rel1.win32_1.0.100.202509120712/tools/bin/../lib/gcc/arm-none-eabi/13.3.1/../../../../arm-none-eabi/lib/thumb/v7e-m+fp/hard\libc_nano.a(libc_a-writer.o)
                0x08009bc4                _write_r
 .text.__errno  0x08009be8        0xc C:/ST/STM32CubeIDE_2.0.0/STM32CubeIDE/plugins/com.st.stm32cube.ide.mcu.externaltools.gnu-tools-for-stm32.13.3.rel1.win32_1.0.100.202509120712/tools/bin/../lib/gcc/arm-none-eabi/13.3.1/../../../../arm-none-eabi/lib/thumb/v7e-m+fp/hard\libc_nano.a(libc_a-errno.o)
                0x08009be8                __errno
 .text.__libc_init_array
                0x08009bf4       0x48 C:/ST/STM32CubeIDE_2.0.0/STM32CubeIDE/plugins/com.st.stm32cube.ide.mcu.externaltools.gnu-tools-for-stm32.13.3.rel1.win32_1.0.100.202509120712/tools/bin/../lib/gcc/arm-none-eabi/13.3.1/../../../../arm-none-eabi/lib/thumb/v7e-m+fp/hard\libc_nano.a(libc_a-init.o)
                0x08009bf4                __libc_init_array
 .text.__retarget_lock_init_recursive
                0x08009c3c        0x2 C:/ST/STM32CubeIDE_2.0.0/STM32CubeIDE/plugins/com.st.stm32cube.ide.mcu.externaltools.gnu-tools-for-stm32.13.3.rel1.win32_1.0.100.202509120712/tools/bin/../lib/gcc/arm-none-eabi/13.3.1/../../../../arm-none-eabi/lib/thumb/v7e-m+fp/hard\libc_nano.a(libc_a-lock.o)
                0x08009c3c                __retarget_lock_init_recursive
 .text.__retarget_lock_acquire_recursive
                0x08009c3e        0x2 C:/ST/STM32CubeIDE_2.0.0/STM32CubeIDE/plugins/com.st.stm32cube.ide.mcu.externaltools.gnu-tools-for-stm32.13.3.rel1.win32_1.0.100.202509120712/tools/bin/../lib/gcc/arm-none-eabi/13.3.1/../../../../arm-none-eabi/lib/thumb/v7e-m+fp/hard\libc_nano.a(libc_a-lock.o)
                0x08009c3e                __retarget_lock_acquire_recursive
 .text.__retarget_lock_release_recursive
                0x08009c40        0x2 C:/ST/STM32CubeIDE_2.0.0/STM32CubeIDE/plugins/com.st.stm32cube.ide.mcu.externaltools.gnu-tools-for-stm32.13.3.rel1.win32_1.0.100.202509120712/tools/bin/../lib/gcc/arm-none-eabi/13.3.1/../../../../arm-none-eabi/lib/thumb/v7e-m+fp/hard\libc_nano.a(libc_a-lock.o)
                0x08009c40                __retarget_lock_release_recursive
 *fill*         0x08009c42        0x2 
 .text._free_r  0x08009c44       0x94 C:/ST/STM32CubeIDE_2.0.0/STM32CubeIDE/plugins/com.st.stm32cube.ide.mcu.externaltools.gnu-tools-for-stm32.13.3.rel1.win32_1.0.100.202509120712/tools/bin/../lib/gcc/arm-none-eabi/13.3.1/../../../../arm-none-eabi/lib/thumb/v7e-m+fp/hard\libc_nano.a(libc_a-freer.o)
                0x08009c44                _free_r
 .text.__sfputc_r
                0x08009cd8       0x2e C:/ST/STM32CubeIDE_2.0.0/STM32CubeIDE/plugins/com.st.stm32cube.ide.mcu.externaltools.gnu-tools-for-stm32.13.3.rel1.win32_1.0.100.202509120712/tools/bin/../lib/gcc/arm-none-eabi/13.3.1/../../../../arm-none-eabi/lib/thumb/v7e-m+fp/hard\libc_nano.a(libc_a-nano-vfprintf.o)
 .text.__sfputs_r
                0x08009d06       0x24 C:/ST/STM32CubeIDE_2.0.0/STM32CubeIDE/plugins/com.st.stm32cube.ide.mcu.externaltools.gnu-tools-for-stm32.13.3.rel1.win32_1.0.100.202509120712/tools/bin/../lib/gcc/arm-none-eabi/13.3.1/../../../../arm-none-eabi/lib/thumb/v7e-m+fp/hard\libc_nano.a(libc_a-nano-vfprintf.o)
                0x08009d06                __sfputs_r
 *fill*         0x08009d2a        0x2 
 .text._vfprintf_r
                0x08009d2c      0x230 C:/ST/STM32CubeIDE_2.0.0/STM32CubeIDE/plugins/com.st.stm32cube.ide.mcu.externaltools.gnu-tools-for-stm32.13.3.rel1.win32_1.0.100.202509120712/tools/bin/../lib/gcc/arm-none-eabi/13.3.1/../../../../arm-none-eabi/lib/thumb/v7e-m+fp/hard\libc_nano.a(libc_a-nano-vfprintf.o)
                0x08009d2c                _vfprintf_r
                0x08009d2c                _vfiprintf_r
 .text._printf_common
                0x08009f5c       0xda C:/ST/STM32CubeIDE_2.0.0/STM32CubeIDE/plugins/com.st.stm32cube.ide.mcu.externaltools.gnu-tools-for-stm32.13.3.rel1.win32_1.0.100.202509120712/tools/bin/../lib/gcc/arm-none-eabi/13.3.1/../../../../arm-none-eabi/lib/thumb/v7e-m+fp/hard\libc_nano.a(libc_a-nano-vfprintf_i.o)
                0x08009f5c                _printf_common
 *fill*         0x0800a036        0x2 
 .text._printf_i
                0x0800a038      0x23c C:/ST/STM32CubeIDE_2.0.0/STM32CubeIDE/plugins/com.st.stm32cube.ide.mcu.externaltools.gnu-tools-for-stm32.13.3.rel1.win32_1.0.100.202509120712/tools/bin/../lib/gcc/arm-none-eabi/13.3.1/../../../../arm-none-eabi/lib/thumb/v7e-m+fp/hard\libc_nano.a(libc_a-nano-vfprintf_i.o)
                0x0800a038                _printf_i
 .text.__sflush_r
                0x0800a274      0x108 C:/ST/STM32CubeIDE_2.0.0/STM32CubeIDE/plugins/com.st.stm32cube.ide.mcu.externaltools.gnu-tools-for-stm32.13.3.rel1.win32_1.0.100.202509120712/tools/bin/../lib/gcc/arm-none-eabi/13.3.1/../../../../arm-none-eabi/lib/thumb/v7e-m+fp/hard\libc_nano.a(libc_a-fflush.o)
                0x0800a274                __sflush_r
 .text._fflush_r
                0x0800a37c       0x50 C:/ST/STM32CubeIDE_2.0.0/STM32CubeIDE/plugins/com.st.stm32cube.ide.mcu.externaltools.gnu-tools-for-stm32.13.3.rel1.win32_1.0.100.202509120712/tools/bin/../lib/gcc/arm-none-eabi/13.3.1/../../../../arm-none-eabi/lib/thumb/v7e-m+fp/hard\libc_nano.a(libc_a-fflush.o)
                0x0800a37c                _fflush_r
 .text.__swhatbuf_r
                0x0800a3cc       0x4c C:/ST/STM32CubeIDE_2.0.0/STM32CubeIDE/plugins/com.st.stm32cube.ide.mcu.externaltools.gnu-tools-for-stm32.13.3.rel1.win32_1.0.100.202509120712/tools/bin/../lib/gcc/arm-none-eabi/13.3.1/../../../../arm-none-eabi/lib/thumb/v7e-m+fp/hard\libc_nano.a(libc_a-makebuf.o)
                0x0800a3cc                __swhatbuf_r
 .text.__smakebuf_r
                0x0800a418       0x78 C:/ST/STM32CubeIDE_2.0.0/STM32CubeIDE/plugins/com.st.stm32cube.ide.mcu.externaltools.gnu-tools-for-stm32.13.3.rel1.win32_1.0.100.202509120712/tools/bin/../lib/gcc/arm-none-eabi/13.3.1/../../../../arm-none-eabi/lib/thumb/v7e-m+fp/hard\libc_nano.a(libc_a-makebuf.o)
                0x0800a418                __smakebuf_r
 .text._fstat_r
                0x0800a490       0x24 C:/ST/STM32CubeIDE_2.0.0/STM32CubeIDE/plugins/com.st.stm32cube.ide.mcu.externaltools.gnu-tools-for-stm32.13.3.rel1.win32_1.0.100.202509120712/tools/bin/../lib/gcc/arm-none-eabi/13.3.1/../../../../arm-none-eabi/lib/thumb/v7e-m+fp/hard\libc_nano.a(libc_a-fstatr.o)
                0x0800a490                _fstat_r
 .text._isatty_r
                0x0800a4b4       0x20 C:/ST/STM32CubeIDE_2.0.0/STM32CubeIDE/plugins/com.st.stm32cube.ide.mcu.externaltools.gnu-tools-for-stm32.13.3.rel1.win32_1.0.100.202509120712/tools/bin/../lib/gcc/arm-none-eabi/13.3.1/../../../../arm-none-eabi/lib/thumb/v7e-m+fp/hard\libc_nano.a(libc_a-isattyr.o)
                0x0800a4b4                _isatty_r
 .text.expf     0x0800a4d4       0x6c C:/ST/STM32CubeIDE_2.0.0/STM32CubeIDE/plugins/com.st.stm32cube.ide.mcu.externaltools.gnu-tools-for-stm32.13.3.rel1.win32_1.0.100.202509120712/tools/bin/../lib/gcc/arm-none-eabi/13.3.1/../../../../arm-none-eabi/lib/thumb/v7e-m+fp/hard\libm.a(libm_a-wf_exp.o)
                0x0800a4d4                expf
 .text.finitef  0x0800a540       0x14 C:/ST/STM32CubeIDE_2.0.0/STM32CubeIDE/plugins/com.st.stm32cube.ide.mcu.externaltools.gnu-tools-for-stm32.13.3.rel1.win32_1.0.100.202509120712/tools/bin/../lib/gcc/arm-none-eabi/13.3.1/../../../../arm-none-eabi/lib/thumb/v7e-m+fp/hard\libm.a(libm_a-sf_finite.o)
                0x0800a540                finitef
 .text.with_errnof
                0x0800a554       0x1c C:/ST/STM32CubeIDE_2.0.0/STM32CubeIDE/plugins/com.st.stm32cube.ide.mcu.externaltools.gnu-tools-for-stm32.13.3.rel1.win32_1.0.100.202509120712/tools/bin/../lib/gcc/arm-none-eabi/13.3.1/../../../../arm-none-eabi/lib/thumb/v7e-m+fp/hard\libm.a(libm_a-math_errf.o)
 .text.xflowf   0x0800a570       0x16 C:/ST/STM32CubeIDE_2.0.0/STM32CubeIDE/plugins/com.st.stm32cube.ide.mcu.externaltools.gnu-tools-for-stm32.13.3.rel1.win32_1.0.100.202509120712/tools/bin/../lib/gcc/arm-none-eabi/13.3.1/../../../../arm-none-eabi/lib/thumb/v7e-m+fp/hard\libm.a(libm_a-math_errf.o)
 *fill*         0x0800a586        0x2 
 .text.__math_uflowf
                0x0800a588        0xc C:/ST/STM32CubeIDE_2.0.0/STM32CubeIDE/plugins/com.st.stm32cube.ide.mcu.externaltools.gnu-tools-for-stm32.13.3.rel1.win32_1.0.100.202509120712/tools/bin/../lib/gcc/arm-none-eabi/13.3.1/../../../../arm-none-eabi/lib/thumb/v7e-m+fp/hard\libm.a(libm_a-math_errf.o)
                0x0800a588                __math_uflowf
 .text.__math_oflowf
                0x0800a594        0xc C:/ST/STM32CubeIDE_2.0.0/STM32CubeIDE/plugins/com.st.stm32cube.ide.mcu.externaltools.gnu-tools-for-stm32.13.3.rel1.win32_1.0.100.202509120712/tools/bin/../lib/gcc/arm-none-eabi/13.3.1/../../../../arm-none-eabi/lib/thumb/v7e-m+fp/hard\libm.a(libm_a-math_errf.o)
                0x0800a594                __math_oflowf
 .text.__ieee754_expf
                0x0800a5a0      0x19c C:/ST/STM32CubeIDE_2.0.0/STM32CubeIDE/plugins/com.st.stm32cube.ide.mcu.externaltools.gnu-tools-for-stm32.13.3.rel1.win32_1.0.100.202509120712/tools/bin/../lib/gcc/arm-none-eabi/13.3.1/../../../../arm-none-eabi/lib/thumb/v7e-m+fp/hard\libm.a(libm_a-ef_exp.o)
                0x0800a5a0                __ieee754_expf
 *(.glue_7)
 .glue_7        0x0800a73c        0x0 linker stubs
 *(.glue_7t)
 .glue_7t       0x0800a73c        0x0 linker stubs
 *(.eh_frame)
 .eh_frame      0x0800a73c        0x0 C:/ST/STM32CubeIDE_2.0.0/STM32CubeIDE/plugins/com.st.stm32cube.ide.mcu.externaltools.gnu-tools-for-stm32.13.3.rel1.win32_1.0.100.202509120712/tools/bin/../lib/gcc/arm-none-eabi/13.3.1/thumb/v7e-m+fp/hard/crtbegin.o
 *(.init)
 .init          0x0800a73c        0x4 C:/ST/STM32CubeIDE_2.0.0/STM32CubeIDE/plugins/com.st.stm32cube.ide.mcu.externaltools.gnu-tools-for-stm32.13.3.rel1.win32_1.0.100.202509120712/tools/bin/../lib/gcc/arm-none-eabi/13.3.1/thumb/v7e-m+fp/hard/crti.o
                0x0800a73c                _init
 .init          0x0800a740        0x8 C:/ST/STM32CubeIDE_2.0.0/STM32CubeIDE/plugins/com.st.stm32cube.ide.mcu.externaltools.gnu-tools-for-stm32.13.3.rel1.win32_1.0.100.202509120712/tools/bin/../lib/gcc/arm-none-eabi/13.3.1/thumb/v7e-m+fp/hard/crtn.o
 *(.fini)
 .fini          0x0800a748        0x4 C:/ST/STM32CubeIDE_2.0.0/STM32CubeIDE/plugins/com.st.stm32cube.ide.mcu.externaltools.gnu-tools-for-stm32.13.3.rel1.win32_1.0.100.202509120712/tools/bin/../lib/gcc/arm-none-eabi/13.3.1/thumb/v7e-m+fp/hard/crti.o
                0x0800a748                _fini
 .fini          0x0800a74c        0x8 C:/ST/STM32CubeIDE_2.0.0/STM32CubeIDE/plugins/com.st.stm32cube.ide.mcu.externaltools.gnu-tools-for-stm32.13.3.rel1.win32_1.0.100.202509120712/tools/bin/../lib/gcc/arm-none-eabi/13.3.1/thumb/v7e-m+fp/hard/crtn.o
                0x0800a754                        . = ALIGN (0x4)
                0x0800a754                        _etext = .

.vfp11_veneer   0x0800a754        0x0
 .vfp11_veneer  0x0800a754        0x0 linker stubs

.v4_bx          0x0800a754        0x0
 .v4_bx         0x0800a754        0x0 linker stubs

.iplt           0x0800a754        0x0
 .iplt          0x0800a754        0x0 C:/ST/STM32CubeIDE_2.0.0/STM32CubeIDE/plugins/com.st.stm32cube.ide.mcu.externaltools.gnu-tools-for-stm32.13.3.rel1.win32_1.0.100.202509120712/tools/bin/../lib/gcc/arm-none-eabi/13.3.1/thumb/v7e-m+fp/hard/crtbegin.o

.rodata         0x0800a760     0x1074
                0x0800a760                        . = ALIGN (0x4)
 *(.rodata)
 .rodata        0x0800a760      0x193 ./X-CUBE-AI/App/app_x-cube-ai.o
 *fill*         0x0800a8f3        0x1 
 .rodata        0x0800a8f4       0x30 ./X-CUBE-AI/App/mnist_data.o
 *(.rodata*)
 .rodata.AHBPrescTable
                0x0800a924       0x10 ./Core/Src/system_stm32l4xx.o
                0x0800a924                AHBPrescTable
 .rodata.APBPrescTable
                0x0800a934        0x8 ./Core/Src/system_stm32l4xx.o
                0x0800a934                APBPrescTable
 .rodata.MSIRangeTable
                0x0800a93c       0x30 ./Core/Src/system_stm32l4xx.o
                0x0800a93c                MSIRangeTable
 .rodata.UARTPrescTable
                0x0800a96c       0x18 ./Drivers/STM32L4xx_HAL_Driver/Src/stm32l4xx_hal_uart.o
                0x0800a96c                UARTPrescTable
 .rodata.numerator.1
                0x0800a984        0x8 ./Drivers/STM32L4xx_HAL_Driver/Src/stm32l4xx_hal_uart_ex.o
 .rodata.denominator.0
                0x0800a98c        0x8 ./Drivers/STM32L4xx_HAL_Driver/Src/stm32l4xx_hal_uart_ex.o
 .rodata.dense_1_chain
                0x0800a994        0x8 ./X-CUBE-AI/App/mnist.o
 .rodata.dense_1_dense_chain
                0x0800a99c        0x8 ./X-CUBE-AI/App/mnist.o
 .rodata.dense_chain
                0x0800a9a4        0x8 ./X-CUBE-AI/App/mnist.o
 .rodata.dense_dense_chain
                0x0800a9ac        0x8 ./X-CUBE-AI/App/mnist.o
 .rodata.conv2d_conv2d_chain
                0x0800a9b4        0x8 ./X-CUBE-AI/App/mnist.o
 *fill*         0x0800a9bc        0x4 
 .rodata.s_mnist_weights_array_u64
                0x0800a9c0      0xdc8 ./X-CUBE-AI/App/mnist_data_params.o
                0x0800a9c0                s_mnist_weights_array_u64
 .rodata._vfprintf_r.str1.1
                0x0800b788       0x33 C:/ST/STM32CubeIDE_2.0.0/STM32CubeIDE/plugins/com.st.stm32cube.ide.mcu.externaltools.gnu-tools-for-stm32.13.3.rel1.win32_1.0.100.202509120712/tools/bin/../lib/gcc/arm-none-eabi/13.3.1/../../../../arm-none-eabi/lib/thumb/v7e-m+fp/hard\libc_nano.a(libc_a-nano-vfprintf.o)
                                 0x11 (size before relaxing)
 .rodata._printf_i.str1.1
                0x0800b7bb        0x0 C:/ST/STM32CubeIDE_2.0.0/STM32CubeIDE/plugins/com.st.stm32cube.ide.mcu.externaltools.gnu-tools-for-stm32.13.3.rel1.win32_1.0.100.202509120712/tools/bin/../lib/gcc/arm-none-eabi/13.3.1/../../../../arm-none-eabi/lib/thumb/v7e-m+fp/hard\libc_nano.a(libc_a-nano-vfprintf_i.o)
                                 0x22 (size before relaxing)
 *fill*         0x0800b7bb        0x1 
 .rodata.ln2LO  0x0800b7bc        0x8 C:/ST/STM32CubeIDE_2.0.0/STM32CubeIDE/plugins/com.st.stm32cube.ide.mcu.externaltools.gnu-tools-for-stm32.13.3.rel1.win32_1.0.100.202509120712/tools/bin/../lib/gcc/arm-none-eabi/13.3.1/../../../../arm-none-eabi/lib/thumb/v7e-m+fp/hard\libm.a(libm_a-ef_exp.o)
 .rodata.ln2HI  0x0800b7c4        0x8 C:/ST/STM32CubeIDE_2.0.0/STM32CubeIDE/plugins/com.st.stm32cube.ide.mcu.externaltools.gnu-tools-for-stm32.13.3.rel1.win32_1.0.100.202509120712/tools/bin/../lib/gcc/arm-none-eabi/13.3.1/../../../../arm-none-eabi/lib/thumb/v7e-m+fp/hard\libm.a(libm_a-ef_exp.o)
 .rodata.halF   0x0800b7cc        0x8 C:/ST/STM32CubeIDE_2.0.0/STM32CubeIDE/plugins/com.st.stm32cube.ide.mcu.externaltools.gnu-tools-for-stm32.13.3.rel1.win32_1.0.100.202509120712/tools/bin/../lib/gcc/arm-none-eabi/13.3.1/../../../../arm-none-eabi/lib/thumb/v7e-m+fp/hard\libm.a(libm_a-ef_exp.o)
                0x0800b7d4                        . = ALIGN (0x4)

.ARM.extab      0x0800b7d4        0x0
                0x0800b7d4                        . = ALIGN (0x4)
 *(.ARM.extab* .gnu.linkonce.armextab.*)
                0x0800b7d4                        . = ALIGN (0x4)

.ARM            0x0800b7d4        0x8
                0x0800b7d4                        . = ALIGN (0x4)
                0x0800b7d4                        __exidx_start = .
 *(.ARM.exidx*)
 .ARM.exidx     0x0800b7d4        0x8 C:/ST/STM32CubeIDE_2.0.0/STM32CubeIDE/plugins/com.st.stm32cube.ide.mcu.externaltools.gnu-tools-for-stm32.13.3.rel1.win32_1.0.100.202509120712/tools/bin/../lib/gcc/arm-none-eabi/13.3.1/../../../../arm-none-eabi/lib/thumb/v7e-m+fp/hard\libc_nano.a(libc_a-memchr.o)
 .ARM.exidx     0x0800b7dc        0x0 C:/ST/STM32CubeIDE_2.0.0/STM32CubeIDE/plugins/com.st.stm32cube.ide.mcu.externaltools.gnu-tools-for-stm32.13.3.rel1.win32_1.0.100.202509120712/tools/bin/../lib/gcc/arm-none-eabi/13.3.1/thumb/v7e-m+fp/hard\libgcc.a(_udivmoddi4.o)
                                  0x8 (size before relaxing)
                0x0800b7dc                        __exidx_end = .
                0x0800b7dc                        . = ALIGN (0x4)

.preinit_array  0x0800b7dc        0x0
                0x0800b7dc                        . = ALIGN (0x4)
                0x0800b7dc                        PROVIDE (__preinit_array_start = .)
 *(.preinit_array*)
                0x0800b7dc                        PROVIDE (__preinit_array_end = .)
                0x0800b7dc                        . = ALIGN (0x4)

.init_array     0x0800b7dc        0x4
                0x0800b7dc                        . = ALIGN (0x4)
                0x0800b7dc                        PROVIDE (__init_array_start = .)
 *(SORT_BY_NAME(.init_array.*))
 *(.init_array*)
 .init_array    0x0800b7dc        0x4 C:/ST/STM32CubeIDE_2.0.0/STM32CubeIDE/plugins/com.st.stm32cube.ide.mcu.externaltools.gnu-tools-for-stm32.13.3.rel1.win32_1.0.100.202509120712/tools/bin/../lib/gcc/arm-none-eabi/13.3.1/thumb/v7e-m+fp/hard/crtbegin.o
                0x0800b7e0                        PROVIDE (__init_array_end = .)
                0x0800b7e0                        . = ALIGN (0x4)

.fini_array     0x0800b7e0        0x4
                0x0800b7e0                        . = ALIGN (0x4)
                [!provide]                        PROVIDE (__fini_array_start = .)
 *(SORT_BY_NAME(.fini_array.*))
 *(.fini_array*)
 .fini_array    0x0800b7e0        0x4 C:/ST/STM32CubeIDE_2.0.0/STM32CubeIDE/plugins/com.st.stm32cube.ide.mcu.externaltools.gnu-tools-for-stm32.13.3.rel1.win32_1.0.100.202509120712/tools/bin/../lib/gcc/arm-none-eabi/13.3.1/thumb/v7e-m+fp/hard/crtbegin.o
                [!provide]                        PROVIDE (__fini_array_end = .)
                0x0800b7e4                        . = ALIGN (0x4)
                0x0800b7e4                        _sidata = LOADADDR (.data)

.rel.dyn        0x0800b7e4        0x0
 .rel.iplt      0x0800b7e4        0x0 C:/ST/STM32CubeIDE_2.0.0/STM32CubeIDE/plugins/com.st.stm32cube.ide.mcu.externaltools.gnu-tools-for-stm32.13.3.rel1.win32_1.0.100.202509120712/tools/bin/../lib/gcc/arm-none-eabi/13.3.1/thumb/v7e-m+fp/hard/crtbegin.o

.data           0x20000000      0x82c load address 0x0800b7e4
                0x20000000                        . = ALIGN (0x4)
                0x20000000                        _sdata = .
 *(.data)
 *(.data*)
 .data.SystemCoreClock
                0x20000000        0x4 ./Core/Src/system_stm32l4xx.o
                0x20000000                SystemCoreClock
 .data.uwTickPrio
                0x20000004        0x4 ./Drivers/STM32L4xx_HAL_Driver/Src/stm32l4xx_hal.o
                0x20000004                uwTickPrio
 .data.uwTickFreq
                0x20000008        0x1 ./Drivers/STM32L4xx_HAL_Driver/Src/stm32l4xx_hal.o
                0x20000008                uwTickFreq
 *fill*         0x20000009        0x3 
 .data.data_activations0
                0x2000000c        0x4 ./X-CUBE-AI/App/app_x-cube-ai.o
                0x2000000c                data_activations0
 .data.input_0_output_array
                0x20000010       0x10 ./X-CUBE-AI/App/mnist.o
 .data.conv2d_conv2d_output_array
                0x20000020       0x10 ./X-CUBE-AI/App/mnist.o
 .data.dense_dense_output_array
                0x20000030       0x10 ./X-CUBE-AI/App/mnist.o
 .data.dense_output_array
                0x20000040       0x10 ./X-CUBE-AI/App/mnist.o
 .data.dense_1_dense_output_array
                0x20000050       0x10 ./X-CUBE-AI/App/mnist.o
 .data.dense_1_output_array
                0x20000060       0x10 ./X-CUBE-AI/App/mnist.o
 .data.conv2d_conv2d_weights_array
                0x20000070       0x10 ./X-CUBE-AI/App/mnist.o
 .data.conv2d_conv2d_bias_array
                0x20000080       0x10 ./X-CUBE-AI/App/mnist.o
 .data.dense_dense_weights_array
                0x20000090       0x10 ./X-CUBE-AI/App/mnist.o
 .data.dense_dense_bias_array
                0x200000a0       0x10 ./X-CUBE-AI/App/mnist.o
 .data.dense_1_dense_weights_array
                0x200000b0       0x10 ./X-CUBE-AI/App/mnist.o
 .data.dense_1_dense_bias_array
                0x200000c0       0x10 ./X-CUBE-AI/App/mnist.o
 .data.conv2d_conv2d_scratch0_array
                0x200000d0       0x10 ./X-CUBE-AI/App/mnist.o
 .data.conv2d_conv2d_scratch1_array
                0x200000e0       0x10 ./X-CUBE-AI/App/mnist.o
 .data.__compound_literal.0
                0x200000f0       0x10 ./X-CUBE-AI/App/mnist.o
 .data.__compound_literal.1
                0x20000100       0x10 ./X-CUBE-AI/App/mnist.o
 .data.conv2d_conv2d_bias
                0x20000110       0x1c ./X-CUBE-AI/App/mnist.o
 .data.__compound_literal.2
                0x2000012c       0x10 ./X-CUBE-AI/App/mnist.o
 .data.__compound_literal.3
                0x2000013c       0x10 ./X-CUBE-AI/App/mnist.o
 .data.conv2d_conv2d_output
                0x2000014c       0x1c ./X-CUBE-AI/App/mnist.o
 .data.__compound_literal.4
                0x20000168       0x10 ./X-CUBE-AI/App/mnist.o
 .data.__compound_literal.5
                0x20000178       0x10 ./X-CUBE-AI/App/mnist.o
 .data.conv2d_conv2d_output0
                0x20000188       0x1c ./X-CUBE-AI/App/mnist.o
 .data.__compound_literal.6
                0x200001a4       0x10 ./X-CUBE-AI/App/mnist.o
 .data.__compound_literal.7
                0x200001b4       0x10 ./X-CUBE-AI/App/mnist.o
 .data.conv2d_conv2d_scratch0
                0x200001c4       0x1c ./X-CUBE-AI/App/mnist.o
 .data.__compound_literal.8
                0x200001e0       0x10 ./X-CUBE-AI/App/mnist.o
 .data.__compound_literal.9
                0x200001f0       0x10 ./X-CUBE-AI/App/mnist.o
 .data.conv2d_conv2d_scratch1
                0x20000200       0x1c ./X-CUBE-AI/App/mnist.o
 .data.__compound_literal.10
                0x2000021c       0x10 ./X-CUBE-AI/App/mnist.o
 .data.__compound_literal.11
                0x2000022c       0x10 ./X-CUBE-AI/App/mnist.o
 .data.conv2d_conv2d_weights
                0x2000023c       0x1c ./X-CUBE-AI/App/mnist.o
 .data.__compound_literal.12
                0x20000258       0x10 ./X-CUBE-AI/App/mnist.o
 .data.__compound_literal.13
                0x20000268       0x10 ./X-CUBE-AI/App/mnist.o
 .data.dense_1_dense_bias
                0x20000278       0x1c ./X-CUBE-AI/App/mnist.o
 .data.__compound_literal.14
                0x20000294       0x10 ./X-CUBE-AI/App/mnist.o
 .data.__compound_literal.15
                0x200002a4       0x10 ./X-CUBE-AI/App/mnist.o
 .data.dense_1_dense_output
                0x200002b4       0x1c ./X-CUBE-AI/App/mnist.o
 .data.__compound_literal.16
                0x200002d0       0x10 ./X-CUBE-AI/App/mnist.o
 .data.__compound_literal.17
                0x200002e0       0x10 ./X-CUBE-AI/App/mnist.o
 .data.dense_1_dense_weights
                0x200002f0       0x1c ./X-CUBE-AI/App/mnist.o
 .data.__compound_literal.18
                0x2000030c       0x10 ./X-CUBE-AI/App/mnist.o
 .data.__compound_literal.19
                0x2000031c       0x10 ./X-CUBE-AI/App/mnist.o
 .data.dense_1_output
                0x2000032c       0x1c ./X-CUBE-AI/App/mnist.o
 .data.__compound_literal.20
                0x20000348       0x10 ./X-CUBE-AI/App/mnist.o
 .data.__compound_literal.21
                0x20000358       0x10 ./X-CUBE-AI/App/mnist.o
 .data.dense_dense_bias
                0x20000368       0x1c ./X-CUBE-AI/App/mnist.o
 .data.__compound_literal.22
                0x20000384       0x10 ./X-CUBE-AI/App/mnist.o
 .data.__compound_literal.23
                0x20000394       0x10 ./X-CUBE-AI/App/mnist.o
 .data.dense_dense_output
                0x200003a4       0x1c ./X-CUBE-AI/App/mnist.o
 .data.__compound_literal.24
                0x200003c0       0x10 ./X-CUBE-AI/App/mnist.o
 .data.__compound_literal.25
                0x200003d0       0x10 ./X-CUBE-AI/App/mnist.o
 .data.dense_dense_weights
                0x200003e0       0x1c ./X-CUBE-AI/App/mnist.o
 .data.__compound_literal.26
                0x200003fc       0x10 ./X-CUBE-AI/App/mnist.o
 .data.__compound_literal.27
                0x2000040c       0x10 ./X-CUBE-AI/App/mnist.o
 .data.dense_output
                0x2000041c       0x1c ./X-CUBE-AI/App/mnist.o
 .data.__compound_literal.28
                0x20000438       0x10 ./X-CUBE-AI/App/mnist.o
 .data.__compound_literal.29
                0x20000448       0x10 ./X-CUBE-AI/App/mnist.o
 .data.input_0_output
                0x20000458       0x1c ./X-CUBE-AI/App/mnist.o
 .data.__compound_literal.30
                0x20000474        0x4 ./X-CUBE-AI/App/mnist.o
 .data.__compound_literal.31
                0x20000478        0x4 ./X-CUBE-AI/App/mnist.o
 .data.__compound_literal.34
                0x2000047c       0x30 ./X-CUBE-AI/App/mnist.o
 .data.dense_1_layer
                0x200004ac       0x24 ./X-CUBE-AI/App/mnist.o
 .data.__compound_literal.35
                0x200004d0        0x4 ./X-CUBE-AI/App/mnist.o
 .data.__compound_literal.36
                0x200004d4        0x4 ./X-CUBE-AI/App/mnist.o
 .data.__compound_literal.37
                0x200004d8        0x8 ./X-CUBE-AI/App/mnist.o
 .data.__compound_literal.39
                0x200004e0       0x30 ./X-CUBE-AI/App/mnist.o
 .data.dense_1_dense_layer
                0x20000510       0x1c ./X-CUBE-AI/App/mnist.o
 .data.__compound_literal.40
                0x2000052c        0x4 ./X-CUBE-AI/App/mnist.o
 .data.__compound_literal.41
                0x20000530        0x4 ./X-CUBE-AI/App/mnist.o
 .data.__compound_literal.44
                0x20000534       0x30 ./X-CUBE-AI/App/mnist.o
 .data.dense_layer
                0x20000564       0x20 ./X-CUBE-AI/App/mnist.o
 .data.__compound_literal.45
                0x20000584        0x4 ./X-CUBE-AI/App/mnist.o
 .data.__compound_literal.46
                0x20000588        0x4 ./X-CUBE-AI/App/mnist.o
 .data.__compound_literal.47
                0x2000058c        0x8 ./X-CUBE-AI/App/mnist.o
 .data.__compound_literal.49
                0x20000594       0x30 ./X-CUBE-AI/App/mnist.o
 .data.dense_dense_layer
                0x200005c4       0x1c ./X-CUBE-AI/App/mnist.o
 .data.__compound_literal.50
                0x200005e0        0x4 ./X-CUBE-AI/App/mnist.o
 .data.__compound_literal.51
                0x200005e4        0x4 ./X-CUBE-AI/App/mnist.o
 .data.__compound_literal.52
                0x200005e8        0xc ./X-CUBE-AI/App/mnist.o
 .data.__compound_literal.53
                0x200005f4        0x8 ./X-CUBE-AI/App/mnist.o
 .data.__compound_literal.54
                0x200005fc       0x30 ./X-CUBE-AI/App/mnist.o
 .data.__compound_literal.55
                0x2000062c       0x10 ./X-CUBE-AI/App/mnist.o
 .data.conv2d_conv2d_layer
                0x2000063c       0x60 ./X-CUBE-AI/App/mnist.o
 .data.__compound_literal.57
                0x2000069c       0x10 ./X-CUBE-AI/App/mnist.o
 .data.__compound_literal.58
                0x200006ac       0x1c ./X-CUBE-AI/App/mnist.o
 .data.__compound_literal.59
                0x200006c8       0x10 ./X-CUBE-AI/App/mnist.o
 .data.__compound_literal.60
                0x200006d8       0x1c ./X-CUBE-AI/App/mnist.o
 .data.__compound_literal.61
                0x200006f4        0x4 ./X-CUBE-AI/App/mnist.o
 .data.__compound_literal.65
                0x200006f8        0xc ./X-CUBE-AI/App/mnist.o
 .data.__compound_literal.66
                0x20000704        0x4 ./X-CUBE-AI/App/mnist.o
 .data.__compound_literal.70
                0x20000708        0xc ./X-CUBE-AI/App/mnist.o
 .data.__compound_literal.71
                0x20000714       0x18 ./X-CUBE-AI/App/mnist.o
 .data.g_mnist  0x2000072c       0x4c ./X-CUBE-AI/App/mnist.o
 .data.__compound_literal.0
                0x20000778       0x10 ./X-CUBE-AI/App/mnist_data.o
 .data.g_mnist_data_map_activations
                0x20000788       0x1c ./X-CUBE-AI/App/mnist_data.o
                0x20000788                g_mnist_data_map_activations
 .data.__compound_literal.1
                0x200007a4       0x10 ./X-CUBE-AI/App/mnist_data.o
 .data.g_mnist_data_map_weights
                0x200007b4       0x1c ./X-CUBE-AI/App/mnist_data.o
                0x200007b4                g_mnist_data_map_weights
 .data.__sglue  0x200007d0        0xc C:/ST/STM32CubeIDE_2.0.0/STM32CubeIDE/plugins/com.st.stm32cube.ide.mcu.externaltools.gnu-tools-for-stm32.13.3.rel1.win32_1.0.100.202509120712/tools/bin/../lib/gcc/arm-none-eabi/13.3.1/../../../../arm-none-eabi/lib/thumb/v7e-m+fp/hard\libc_nano.a(libc_a-findfp.o)
                0x200007d0                __sglue
 .data._impure_ptr
                0x200007dc        0x4 C:/ST/STM32CubeIDE_2.0.0/STM32CubeIDE/plugins/com.st.stm32cube.ide.mcu.externaltools.gnu-tools-for-stm32.13.3.rel1.win32_1.0.100.202509120712/tools/bin/../lib/gcc/arm-none-eabi/13.3.1/../../../../arm-none-eabi/lib/thumb/v7e-m+fp/hard\libc_nano.a(libc_a-impure.o)
                0x200007dc                _impure_ptr
 .data._impure_data
                0x200007e0       0x4c C:/ST/STM32CubeIDE_2.0.0/STM32CubeIDE/plugins/com.st.stm32cube.ide.mcu.externaltools.gnu-tools-for-stm32.13.3.rel1.win32_1.0.100.202509120712/tools/bin/../lib/gcc/arm-none-eabi/13.3.1/../../../../arm-none-eabi/lib/thumb/v7e-m+fp/hard\libc_nano.a(libc_a-impure.o)
                0x200007e0                _impure_data
 *(.RamFunc)
 *(.RamFunc*)
                0x2000082c                        . = ALIGN (0x4)
                0x2000082c                        _edata = .

.igot.plt       0x2000082c        0x0 load address 0x0800c010
 .igot.plt      0x2000082c        0x0 C:/ST/STM32CubeIDE_2.0.0/STM32CubeIDE/plugins/com.st.stm32cube.ide.mcu.externaltools.gnu-tools-for-stm32.13.3.rel1.win32_1.0.100.202509120712/tools/bin/../lib/gcc/arm-none-eabi/13.3.1/thumb/v7e-m+fp/hard/crtbegin.o
                0x2000082c                        . = ALIGN (0x4)

.bss            0x20000840     0x140c load address 0x0800c010
                0x20000840                        _sbss = .
                0x20000840                        __bss_start__ = _sbss
 *(.bss)
 .bss           0x20000840       0x1c C:/ST/STM32CubeIDE_2.0.0/STM32CubeIDE/plugins/com.st.stm32cube.ide.mcu.externaltools.gnu-tools-for-stm32.13.3.rel1.win32_1.0.100.202509120712/tools/bin/../lib/gcc/arm-none-eabi/13.3.1/thumb/v7e-m+fp/hard/crtbegin.o
 *(.bss*)
 .bss.hi2c1     0x2000085c       0x54 ./Core/Src/main.o
                0x2000085c                hi2c1
 .bss.hsai_BlockA1
                0x200008b0       0x94 ./Core/Src/main.o
                0x200008b0                hsai_BlockA1
 .bss.hspi2     0x20000944       0x64 ./Core/Src/main.o
                0x20000944                hspi2
 .bss.huart2    0x200009a8       0x94 ./Core/Src/main.o
                0x200009a8                huart2
 .bss.huart3    0x20000a3c       0x94 ./Core/Src/main.o
                0x20000a3c                huart3
 .bss.hsram1    0x20000ad0       0x50 ./Core/Src/main.o
                0x20000ad0                hsram1
 .bss.FMC_Initialized
                0x20000b20        0x4 ./Core/Src/stm32l4xx_hal_msp.o
 .bss.SAI1_client
                0x20000b24        0x4 ./Core/Src/stm32l4xx_hal_msp.o
 .bss.__sbrk_heap_end
                0x20000b28        0x4 ./Core/Src/sysmem.o
 .bss.uwTick    0x20000b2c        0x4 ./Drivers/STM32L4xx_HAL_Driver/Src/stm32l4xx_hal.o
                0x20000b2c                uwTick
 .bss.data_ins  0x20000b30        0x4 ./X-CUBE-AI/App/app_x-cube-ai.o
                0x20000b30                data_ins
 .bss.data_outs
                0x20000b34        0x4 ./X-CUBE-AI/App/app_x-cube-ai.o
                0x20000b34                data_outs
 *fill*         0x20000b38        0x8 
 .bss.pool0     0x20000b40      0xf1c ./X-CUBE-AI/App/app_x-cube-ai.o
 .bss.mnist     0x20001a5c        0x4 ./X-CUBE-AI/App/app_x-cube-ai.o
 .bss.ai_input  0x20001a60        0x4 ./X-CUBE-AI/App/app_x-cube-ai.o
 .bss.ai_output
                0x20001a64        0x4 ./X-CUBE-AI/App/app_x-cube-ai.o
 .bss.g_mnist_activations_map
                0x20001a68        0x4 ./X-CUBE-AI/App/mnist.o
 .bss.g_mnist_weights_map
                0x20001a6c        0x4 ./X-CUBE-AI/App/mnist.o
 .bss.__compound_literal.32
                0x20001a70        0x4 ./X-CUBE-AI/App/mnist.o
 .bss.__compound_literal.33
                0x20001a74        0x4 ./X-CUBE-AI/App/mnist.o
 .bss.__compound_literal.38
                0x20001a78        0x4 ./X-CUBE-AI/App/mnist.o
 .bss.__compound_literal.42
                0x20001a7c        0x4 ./X-CUBE-AI/App/mnist.o
 .bss.__compound_literal.43
                0x20001a80        0x4 ./X-CUBE-AI/App/mnist.o
 .bss.__compound_literal.48
                0x20001a84        0x4 ./X-CUBE-AI/App/mnist.o
 .bss.__compound_literal.56
                0x20001a88       0x10 ./X-CUBE-AI/App/mnist.o
 .bss.__compound_literal.62
                0x20001a98       0x1c ./X-CUBE-AI/App/mnist.o
 .bss.__compound_literal.63
                0x20001ab4       0x10 ./X-CUBE-AI/App/mnist.o
 .bss.__compound_literal.64
                0x20001ac4        0x8 ./X-CUBE-AI/App/mnist.o
 .bss.__compound_literal.67
                0x20001acc       0x1c ./X-CUBE-AI/App/mnist.o
 .bss.__compound_literal.68
                0x20001ae8       0x10 ./X-CUBE-AI/App/mnist.o
 .bss.__compound_literal.69
                0x20001af8        0x8 ./X-CUBE-AI/App/mnist.o
 .bss.__malloc_sbrk_start
                0x20001b00        0x4 C:/ST/STM32CubeIDE_2.0.0/STM32CubeIDE/plugins/com.st.stm32cube.ide.mcu.externaltools.gnu-tools-for-stm32.13.3.rel1.win32_1.0.100.202509120712/tools/bin/../lib/gcc/arm-none-eabi/13.3.1/../../../../arm-none-eabi/lib/thumb/v7e-m+fp/hard\libc_nano.a(libc_a-mallocr.o)
                0x20001b00                __malloc_sbrk_start
 .bss.__malloc_free_list
                0x20001b04        0x4 C:/ST/STM32CubeIDE_2.0.0/STM32CubeIDE/plugins/com.st.stm32cube.ide.mcu.externaltools.gnu-tools-for-stm32.13.3.rel1.win32_1.0.100.202509120712/tools/bin/../lib/gcc/arm-none-eabi/13.3.1/../../../../arm-none-eabi/lib/thumb/v7e-m+fp/hard\libc_nano.a(libc_a-mallocr.o)
                0x20001b04                __malloc_free_list
 .bss.__sf      0x20001b08      0x138 C:/ST/STM32CubeIDE_2.0.0/STM32CubeIDE/plugins/com.st.stm32cube.ide.mcu.externaltools.gnu-tools-for-stm32.13.3.rel1.win32_1.0.100.202509120712/tools/bin/../lib/gcc/arm-none-eabi/13.3.1/../../../../arm-none-eabi/lib/thumb/v7e-m+fp/hard\libc_nano.a(libc_a-findfp.o)
                0x20001b08                __sf
 .bss.__stdio_exit_handler
                0x20001c40        0x4 C:/ST/STM32CubeIDE_2.0.0/STM32CubeIDE/plugins/com.st.stm32cube.ide.mcu.externaltools.gnu-tools-for-stm32.13.3.rel1.win32_1.0.100.202509120712/tools/bin/../lib/gcc/arm-none-eabi/13.3.1/../../../../arm-none-eabi/lib/thumb/v7e-m+fp/hard\libc_nano.a(libc_a-findfp.o)
                0x20001c40                __stdio_exit_handler
 .bss.errno     0x20001c44        0x4 C:/ST/STM32CubeIDE_2.0.0/STM32CubeIDE/plugins/com.st.stm32cube.ide.mcu.externaltools.gnu-tools-for-stm32.13.3.rel1.win32_1.0.100.202509120712/tools/bin/../lib/gcc/arm-none-eabi/13.3.1/../../../../arm-none-eabi/lib/thumb/v7e-m+fp/hard\libc_nano.a(libc_a-reent.o)
                0x20001c44                errno
 .bss.__lock___malloc_recursive_mutex
                0x20001c48        0x1 C:/ST/STM32CubeIDE_2.0.0/STM32CubeIDE/plugins/com.st.stm32cube.ide.mcu.externaltools.gnu-tools-for-stm32.13.3.rel1.win32_1.0.100.202509120712/tools/bin/../lib/gcc/arm-none-eabi/13.3.1/../../../../arm-none-eabi/lib/thumb/v7e-m+fp/hard\libc_nano.a(libc_a-lock.o)
                0x20001c48                __lock___malloc_recursive_mutex
 .bss.__lock___sfp_recursive_mutex
                0x20001c49        0x1 C:/ST/STM32CubeIDE_2.0.0/STM32CubeIDE/plugins/com.st.stm32cube.ide.mcu.externaltools.gnu-tools-for-stm32.13.3.rel1.win32_1.0.100.202509120712/tools/bin/../lib/gcc/arm-none-eabi/13.3.1/../../../../arm-none-eabi/lib/thumb/v7e-m+fp/hard\libc_nano.a(libc_a-lock.o)
                0x20001c49                __lock___sfp_recursive_mutex
 *(COMMON)
                0x20001c4c                        . = ALIGN (0x4)
 *fill*         0x20001c4a        0x2 
                0x20001c4c                        _ebss = .
                0x20001c4c                        __bss_end__ = _ebss

._user_heap_stack
                0x20040000     0x1e00
                0x20040000                        . = ALIGN (0x8)
                [!provide]                        PROVIDE (end = .)
                0x20040000                        PROVIDE (_end = .)
                0x20040800                        . = (. + _Min_Heap_Size)
 *fill*         0x20040000      0x800 
                0x20041e00                        . = (. + _Min_Stack_Size)
 *fill*         0x20040800     0x1600 
                0x20041e00                        . = ALIGN (0x8)

/DISCARD/
 libc.a(*)
 libm.a(*)
 libgcc.a(*)

.ARM.attributes
                0x00000000       0x30
 *(.ARM.attributes)
 .ARM.attributes
                0x00000000       0x22 C:/ST/STM32CubeIDE_2.0.0/STM32CubeIDE/plugins/com.st.stm32cube.ide.mcu.externaltools.gnu-tools-for-stm32.13.3.rel1.win32_1.0.100.202509120712/tools/bin/../lib/gcc/arm-none-eabi/13.3.1/thumb/v7e-m+fp/hard/crti.o
 .ARM.attributes
                0x00000022       0x34 C:/ST/STM32CubeIDE_2.0.0/STM32CubeIDE/plugins/com.st.stm32cube.ide.mcu.externaltools.gnu-tools-for-stm32.13.3.rel1.win32_1.0.100.202509120712/tools/bin/../lib/gcc/arm-none-eabi/13.3.1/thumb/v7e-m+fp/hard/crtbegin.o
 .ARM.attributes
                0x00000056       0x34 ./Core/Src/main.o
 .ARM.attributes
                0x0000008a       0x34 ./Core/Src/stm32l4xx_hal_msp.o
 .ARM.attributes
                0x000000be       0x34 ./Core/Src/stm32l4xx_it.o
 .ARM.attributes
                0x000000f2       0x34 ./Core/Src/syscalls.o
 .ARM.attributes
                0x00000126       0x34 ./Core/Src/sysmem.o
 .ARM.attributes
                0x0000015a       0x34 ./Core/Src/system_stm32l4xx.o
 .ARM.attributes
                0x0000018e       0x21 ./Core/Startup/startup_stm32l4r9aiix.o
 .ARM.attributes
                0x000001af       0x34 ./Drivers/STM32L4xx_HAL_Driver/Src/stm32l4xx_hal.o
 .ARM.attributes
                0x000001e3       0x34 ./Drivers/STM32L4xx_HAL_Driver/Src/stm32l4xx_hal_cortex.o
 .ARM.attributes
                0x00000217       0x34 ./Drivers/STM32L4xx_HAL_Driver/Src/stm32l4xx_hal_gpio.o
 .ARM.attributes
                0x0000024b       0x34 ./Drivers/STM32L4xx_HAL_Driver/Src/stm32l4xx_hal_i2c.o
 .ARM.attributes
                0x0000027f       0x34 ./Drivers/STM32L4xx_HAL_Driver/Src/stm32l4xx_hal_i2c_ex.o
 .ARM.attributes
                0x000002b3       0x34 ./Drivers/STM32L4xx_HAL_Driver/Src/stm32l4xx_hal_pwr_ex.o
 .ARM.attributes
                0x000002e7       0x34 ./Drivers/STM32L4xx_HAL_Driver/Src/stm32l4xx_hal_rcc.o
 .ARM.attributes
                0x0000031b       0x34 ./Drivers/STM32L4xx_HAL_Driver/Src/stm32l4xx_hal_rcc_ex.o
 .ARM.attributes
                0x0000034f       0x34 ./Drivers/STM32L4xx_HAL_Driver/Src/stm32l4xx_hal_sai.o
 .ARM.attributes
                0x00000383       0x34 ./Drivers/STM32L4xx_HAL_Driver/Src/stm32l4xx_hal_spi.o
 .ARM.attributes
                0x000003b7       0x34 ./Drivers/STM32L4xx_HAL_Driver/Src/stm32l4xx_hal_sram.o
 .ARM.attributes
                0x000003eb       0x34 ./Drivers/STM32L4xx_HAL_Driver/Src/stm32l4xx_hal_uart.o
 .ARM.attributes
                0x0000041f       0x34 ./Drivers/STM32L4xx_HAL_Driver/Src/stm32l4xx_hal_uart_ex.o
 .ARM.attributes
                0x00000453       0x34 ./Drivers/STM32L4xx_HAL_Driver/Src/stm32l4xx_ll_fmc.o
 .ARM.attributes
                0x00000487       0x34 ./X-CUBE-AI/App/app_x-cube-ai.o
 .ARM.attributes
                0x000004bb       0x34 ./X-CUBE-AI/App/mnist.o
 .ARM.attributes
                0x000004ef       0x34 ./X-CUBE-AI/App/mnist_data.o
 .ARM.attributes
                0x00000523       0x34 ./X-CUBE-AI/App/mnist_data_params.o
 .ARM.attributes
                0x00000557       0x30 ../Middlewares/ST/AI/Lib\NetworkRuntime1020_CM4_GCC.a(ai_platform.o)
 .ARM.attributes
                0x00000587       0x30 ../Middlewares/ST/AI/Lib\NetworkRuntime1020_CM4_GCC.a(ai_platform_interface.o)
 .ARM.attributes
                0x000005b7       0x30 ../Middlewares/ST/AI/Lib\NetworkRuntime1020_CM4_GCC.a(core_common.o)
 .ARM.attributes
                0x000005e7       0x30 ../Middlewares/ST/AI/Lib\NetworkRuntime1020_CM4_GCC.a(layers.o)
 .ARM.attributes
                0x00000617       0x30 ../Middlewares/ST/AI/Lib\NetworkRuntime1020_CM4_GCC.a(layers_conv2d_generic_float.o)
 .ARM.attributes
                0x00000647       0x30 ../Middlewares/ST/AI/Lib\NetworkRuntime1020_CM4_GCC.a(layers_nl_generic_float.o)
 .ARM.attributes
                0x00000677       0x30 ../Middlewares/ST/AI/Lib\NetworkRuntime1020_CM4_GCC.a(forward_lite_conv2d_if32of32wf32.o)
 .ARM.attributes
                0x000006a7       0x30 ../Middlewares/ST/AI/Lib\NetworkRuntime1020_CM4_GCC.a(lite_nl_softmax_if32of32.o)
 .ARM.attributes
                0x000006d7       0x30 ../Middlewares/ST/AI/Lib\NetworkRuntime1020_CM4_GCC.a(lite_nl_relu_if32of32.o)
 .ARM.attributes
                0x00000707       0x30 ../Middlewares/ST/AI/Lib\NetworkRuntime1020_CM4_GCC.a(forward_lite_pool_f32.o)
 .ARM.attributes
                0x00000737       0x30 ../Middlewares/ST/AI/Lib\NetworkRuntime1020_CM4_GCC.a(lite_dense_if32.o)
 .ARM.attributes
                0x00000767       0x30 ../Middlewares/ST/AI/Lib\NetworkRuntime1020_CM4_GCC.a(lite_nl_generic_float.o)
 .ARM.attributes
                0x00000797       0x30 ../Middlewares/ST/AI/Lib\NetworkRuntime1020_CM4_GCC.a(st_int8_fill.o)
 .ARM.attributes
                0x000007c7       0x30 ../Middlewares/ST/AI/Lib\NetworkRuntime1020_CM4_GCC.a(ai_datatypes_format.o)
 .ARM.attributes
                0x000007f7       0x30 ../Middlewares/ST/AI/Lib\NetworkRuntime1020_CM4_GCC.a(ai_datatypes_internal.o)
 .ARM.attributes
                0x00000827       0x34 C:/ST/STM32CubeIDE_2.0.0/STM32CubeIDE/plugins/com.st.stm32cube.ide.mcu.externaltools.gnu-tools-for-stm32.13.3.rel1.win32_1.0.100.202509120712/tools/bin/../lib/gcc/arm-none-eabi/13.3.1/../../../../arm-none-eabi/lib/thumb/v7e-m+fp/hard\libc_nano.a(libc_a-mallocr.o)
 .ARM.attributes
                0x0000085b       0x34 C:/ST/STM32CubeIDE_2.0.0/STM32CubeIDE/plugins/com.st.stm32cube.ide.mcu.externaltools.gnu-tools-for-stm32.13.3.rel1.win32_1.0.100.202509120712/tools/bin/../lib/gcc/arm-none-eabi/13.3.1/../../../../arm-none-eabi/lib/thumb/v7e-m+fp/hard\libc_nano.a(libc_a-mlock.o)
 .ARM.attributes
                0x0000088f       0x34 C:/ST/STM32CubeIDE_2.0.0/STM32CubeIDE/plugins/com.st.stm32cube.ide.mcu.externaltools.gnu-tools-for-stm32.13.3.rel1.win32_1.0.100.202509120712/tools/bin/../lib/gcc/arm-none-eabi/13.3.1/../../../../arm-none-eabi/lib/thumb/v7e-m+fp/hard\libc_nano.a(libc_a-findfp.o)
 .ARM.attributes
                0x000008c3       0x34 C:/ST/STM32CubeIDE_2.0.0/STM32CubeIDE/plugins/com.st.stm32cube.ide.mcu.externaltools.gnu-tools-for-stm32.13.3.rel1.win32_1.0.100.202509120712/tools/bin/../lib/gcc/arm-none-eabi/13.3.1/../../../../arm-none-eabi/lib/thumb/v7e-m+fp/hard\libc_nano.a(libc_a-fwalk.o)
 .ARM.attributes
                0x000008f7       0x34 C:/ST/STM32CubeIDE_2.0.0/STM32CubeIDE/plugins/com.st.stm32cube.ide.mcu.externaltools.gnu-tools-for-stm32.13.3.rel1.win32_1.0.100.202509120712/tools/bin/../lib/gcc/arm-none-eabi/13.3.1/../../../../arm-none-eabi/lib/thumb/v7e-m+fp/hard\libc_nano.a(libc_a-printf.o)
 .ARM.attributes
                0x0000092b       0x34 C:/ST/STM32CubeIDE_2.0.0/STM32CubeIDE/plugins/com.st.stm32cube.ide.mcu.externaltools.gnu-tools-for-stm32.13.3.rel1.win32_1.0.100.202509120712/tools/bin/../lib/gcc/arm-none-eabi/13.3.1/../../../../arm-none-eabi/lib/thumb/v7e-m+fp/hard\libc_nano.a(libc_a-puts.o)
 .ARM.attributes
                0x0000095f       0x34 C:/ST/STM32CubeIDE_2.0.0/STM32CubeIDE/plugins/com.st.stm32cube.ide.mcu.externaltools.gnu-tools-for-stm32.13.3.rel1.win32_1.0.100.202509120712/tools/bin/../lib/gcc/arm-none-eabi/13.3.1/../../../../arm-none-eabi/lib/thumb/v7e-m+fp/hard\libc_nano.a(libc_a-stdio.o)
 .ARM.attributes
                0x00000993       0x34 C:/ST/STM32CubeIDE_2.0.0/STM32CubeIDE/plugins/com.st.stm32cube.ide.mcu.externaltools.gnu-tools-for-stm32.13.3.rel1.win32_1.0.100.202509120712/tools/bin/../lib/gcc/arm-none-eabi/13.3.1/../../../../arm-none-eabi/lib/thumb/v7e-m+fp/hard\libc_nano.a(libc_a-wbuf.o)
 .ARM.attributes
                0x000009c7       0x34 C:/ST/STM32CubeIDE_2.0.0/STM32CubeIDE/plugins/com.st.stm32cube.ide.mcu.externaltools.gnu-tools-for-stm32.13.3.rel1.win32_1.0.100.202509120712/tools/bin/../lib/gcc/arm-none-eabi/13.3.1/../../../../arm-none-eabi/lib/thumb/v7e-m+fp/hard\libc_nano.a(libc_a-wsetup.o)
 .ARM.attributes
                0x000009fb       0x34 C:/ST/STM32CubeIDE_2.0.0/STM32CubeIDE/plugins/com.st.stm32cube.ide.mcu.externaltools.gnu-tools-for-stm32.13.3.rel1.win32_1.0.100.202509120712/tools/bin/../lib/gcc/arm-none-eabi/13.3.1/../../../../arm-none-eabi/lib/thumb/v7e-m+fp/hard\libc_nano.a(libc_a-memset.o)
 .ARM.attributes
                0x00000a2f       0x34 C:/ST/STM32CubeIDE_2.0.0/STM32CubeIDE/plugins/com.st.stm32cube.ide.mcu.externaltools.gnu-tools-for-stm32.13.3.rel1.win32_1.0.100.202509120712/tools/bin/../lib/gcc/arm-none-eabi/13.3.1/../../../../arm-none-eabi/lib/thumb/v7e-m+fp/hard\libc_nano.a(libc_a-closer.o)
 .ARM.attributes
                0x00000a63       0x34 C:/ST/STM32CubeIDE_2.0.0/STM32CubeIDE/plugins/com.st.stm32cube.ide.mcu.externaltools.gnu-tools-for-stm32.13.3.rel1.win32_1.0.100.202509120712/tools/bin/../lib/gcc/arm-none-eabi/13.3.1/../../../../arm-none-eabi/lib/thumb/v7e-m+fp/hard\libc_nano.a(libc_a-reent.o)
 .ARM.attributes
                0x00000a97       0x34 C:/ST/STM32CubeIDE_2.0.0/STM32CubeIDE/plugins/com.st.stm32cube.ide.mcu.externaltools.gnu-tools-for-stm32.13.3.rel1.win32_1.0.100.202509120712/tools/bin/../lib/gcc/arm-none-eabi/13.3.1/../../../../arm-none-eabi/lib/thumb/v7e-m+fp/hard\libc_nano.a(libc_a-impure.o)
 .ARM.attributes
                0x00000acb       0x34 C:/ST/STM32CubeIDE_2.0.0/STM32CubeIDE/plugins/com.st.stm32cube.ide.mcu.externaltools.gnu-tools-for-stm32.13.3.rel1.win32_1.0.100.202509120712/tools/bin/../lib/gcc/arm-none-eabi/13.3.1/../../../../arm-none-eabi/lib/thumb/v7e-m+fp/hard\libc_nano.a(libc_a-lseekr.o)
 .ARM.attributes
                0x00000aff       0x34 C:/ST/STM32CubeIDE_2.0.0/STM32CubeIDE/plugins/com.st.stm32cube.ide.mcu.externaltools.gnu-tools-for-stm32.13.3.rel1.win32_1.0.100.202509120712/tools/bin/../lib/gcc/arm-none-eabi/13.3.1/../../../../arm-none-eabi/lib/thumb/v7e-m+fp/hard\libc_nano.a(libc_a-readr.o)
 .ARM.attributes
                0x00000b33       0x34 C:/ST/STM32CubeIDE_2.0.0/STM32CubeIDE/plugins/com.st.stm32cube.ide.mcu.externaltools.gnu-tools-for-stm32.13.3.rel1.win32_1.0.100.202509120712/tools/bin/../lib/gcc/arm-none-eabi/13.3.1/../../../../arm-none-eabi/lib/thumb/v7e-m+fp/hard\libc_nano.a(libc_a-sbrkr.o)
 .ARM.attributes