../Core/Src/main.c:81:5:main	8	static
../Core/Src/main.c:133:6:SystemClock_Config	96	static
../Core/Src/main.c:185:13:MX_I2C1_Init	8	static
../Core/Src/main.c:233:13:MX_SAI1_Init	8	static
../Core/Src/main.c:286:13:MX_SPI2_Init	8	static
../Core/Src/main.c:326:13:MX_USART2_UART_Init	8	static
../Core/Src/main.c:374:13:MX_USART3_UART_Init	8	static
../Core/Src/main.c:418:13:MX_FMC_Init	40	static
../Core/Src/main.c:478:13:MX_GPIO_Init	64	static
../Core/Src/main.c:700:6:Error_Handler	4	static,ignoring_inline_asm
