11:32:31 **** Incremental Build of configuration Debug for project Embedded_AI ****
make -j16 all 
arm-none-eabi-gcc "../Core/Src/main.c" -mcpu=cortex-m4 -std=gnu11 -g3 -DDEBUG -DUSE_HAL_DRIVER -DSTM32L4R9xx -c -I../X-CUBE-AI/App -I../X-CUBE-AI -I../Core/Inc -I../Middlewares/ST/AI/Inc -I../Drivers/STM32L4xx_HAL_Driver/Inc -I../Drivers/STM32L4xx_HAL_Driver/Inc/Legacy -I../Drivers/CMSIS/Device/ST/STM32L4xx/Include -I../Drivers/CMSIS/Include -O0 -ffunction-sections -fdata-sections -Wall -fstack-usage -fcyclomatic-complexity -MMD -MP -MF"Core/Src/main.d" -MT"Core/Src/main.o" --specs=nano.specs -mfpu=fpv4-sp-d16 -mfloat-abi=hard -mthumb -o "Core/Src/main.o"
arm-none-eabi-gcc -o "Embedded_AI.elf" @"objects.list"  -l:NetworkRuntime1020_CM4_GCC.a -mcpu=cortex-m4 -T"C:\Users\heris\Documents\STM32\IA_embarquee\Embedded_AI\STM32L4R9AIIX_FLASH.ld" --specs=nosys.specs -Wl,-Map="Embedded_AI.map" -Wl,--gc-sections -static -L../Middlewares/ST/AI/Lib --specs=nano.specs -mfpu=fpv4-sp-d16 -mfloat-abi=hard -mthumb -Wl,--start-group -lc -lm -Wl,--end-group
Finished building target: Embedded_AI.elf
 
arm-none-eabi-size  Embedded_AI.elf 
arm-none-eabi-objdump -h -S Embedded_AI.elf  > "Embedded_AI.list"
   text	   data	    bss	    dec	    hex	filename
  63872	   2432	  10488	  76792	  12bf8	Embedded_AI.elf
Finished building: default.size.stdout
 
Finished building: Embedded_AI.list
 

11:32:33 Build Finished. 0 errors, 0 warnings. (took 2s.317ms)

