11:21:37 **** Incremental Build of configuration Debug for project Embedded_AI ****
make -j16 all 
arm-none-eabi-gcc "../X-CUBE-AI/App/app_x-cube-ai.c" -mcpu=cortex-m4 -std=gnu11 -g3 -DDEBUG -DUSE_HAL_DRIVER -DSTM32L4R9xx -c -I../X-CUBE-AI/App -I../X-CUBE-AI -I../Core/Inc -I../Middlewares/ST/AI/Inc -I../Drivers/STM32L4xx_HAL_Driver/Inc -I../Drivers/STM32L4xx_HAL_Driver/Inc/Legacy -I../Drivers/CMSIS/Device/ST/STM32L4xx/Include -I../Drivers/CMSIS/Include -O0 -ffunction-sections -fdata-sections -Wall -fstack-usage -fcyclomatic-complexity -MMD -MP -MF"X-CUBE-AI/App/app_x-cube-ai.d" -MT"X-CUBE-AI/App/app_x-cube-ai.o" --specs=nano.specs -mfpu=fpv4-sp-d16 -mfloat-abi=hard -mthumb -o "X-CUBE-AI/App/app_x-cube-ai.o"
arm-none-eabi-gcc "../Core/Src/main.c" -mcpu=cortex-m4 -std=gnu11 -g3 -DDEBUG -DUSE_HAL_DRIVER -DSTM32L4R9xx -c -I../X-CUBE-AI/App -I../X-CUBE-AI -I../Core/Inc -I../Middlewares/ST/AI/Inc -I../Drivers/STM32L4xx_HAL_Driver/Inc -I../Drivers/STM32L4xx_HAL_Driver/Inc/Legacy -I../Drivers/CMSIS/Device/ST/STM32L4xx/Include -I../Drivers/CMSIS/Include -O0 -ffunction-sections -fdata-sections -Wall -fstack-usage -fcyclomatic-complexity -MMD -MP -MF"Core/Src/main.d" -MT"Core/Src/main.o" --specs=nano.specs -mfpu=fpv4-sp-d16 -mfloat-abi=hard -mthumb -o "Core/Src/main.o"
../X-CUBE-AI/App/app_x-cube-ai.c: In function 'post_process':
../X-CUBE-AI/App/app_x-cube-ai.c:321:23: warning: initialization of 'uint8_t *' {aka 'unsigned char *'} from incompatible pointer type 'ai_i8 **' {aka 'signed char **'} [-Wincompatible-pointer-types]
  321 |     uint8_t *output = data;
      |                       ^~~~
../X-CUBE-AI/App/app_x-cube-ai.c: In function 'MX_X_CUBE_AI_Process':
../X-CUBE-AI/App/app_x-cube-ai.c:413:38: warning: passing argument 1 of 'acquire_and_process_data' from incompatible pointer type [-Wincompatible-pointer-types]
  413 |       res = acquire_and_process_data(in_data);
      |                                      ^~~~~~~
      |                                      |
      |                                      uint8_t * {aka unsigned char *}
../X-CUBE-AI/App/app_x-cube-ai.c:217:37: note: expected 'ai_i8 **' {aka 'signed char **'} but argument is of type 'uint8_t *' {aka 'unsigned char *'}
  217 | int acquire_and_process_data(ai_i8 *data[])
      |                              ~~~~~~~^~~~~~
../X-CUBE-AI/App/app_x-cube-ai.c:425:28: warning: passing argument 1 of 'post_process' from incompatible pointer type [-Wincompatible-pointer-types]
  425 |         res = post_process(out_data);
      |                            ^~~~~~~~
      |                            |
      |                            uint8_t * {aka unsigned char *}
../X-CUBE-AI/App/app_x-cube-ai.c:301:25: note: expected 'ai_i8 **' {aka 'signed char **'} but argument is of type 'uint8_t *' {aka 'unsigned char *'}
  301 | int post_process(ai_i8 *data[])
      |                  ~~~~~~~^~~~~~
arm-none-eabi-gcc -o "Embedded_AI.elf" @"objects.list"  -l:NetworkRuntime1020_CM4_GCC.a -mcpu=cortex-m4 -T"C:\Users\heris\Documents\STM32\IA_embarquee\Embedded_AI\STM32L4R9AIIX_FLASH.ld" --specs=nosys.specs -Wl,-Map="Embedded_AI.map" -Wl,--gc-sections -static -L../Middlewares/ST/AI/Lib --specs=nano.specs -mfpu=fpv4-sp-d16 -mfloat-abi=hard -mthumb -Wl,--start-group -lc -lm -Wl,--end-group
Finished building target: Embedded_AI.elf
 
arm-none-eabi-size  Embedded_AI.elf 
arm-none-eabi-objdump -h -S Embedded_AI.elf  > "Embedded_AI.list"
   text	   data	    bss	    dec	    hex	filename
  64192	   2432	  10488	  77112	  12d38	Embedded_AI.elf
Finished building: default.size.stdout
 
Finished building: Embedded_AI.list
 
11:23:40 **** Incremental Build of configuration Debug for project Embedded_AI ****
make -j16 all 
arm-none-eabi-size  Embedded_AI.elf 
   text	   data	    bss	    dec	    hex	filename
  64192	   2432	  10488	  77112	  12d38	Embedded_AI.elf
Finished building: default.size.stdout
 
11:31:48 **** Incremental Build of configuration Debug for project Embedded_AI ****
make -j16 all 
arm-none-eabi-gcc "../X-CUBE-AI/App/app_x-cube-ai.c" -mcpu=cortex-m4 -std=gnu11 -g3 -DDEBUG -DUSE_HAL_DRIVER -DSTM32L4R9xx -c -I../X-CUBE-AI/App -I../X-CUBE-AI -I../Core/Inc -I../Middlewares/ST/AI/Inc -I../Drivers/STM32L4xx_HAL_Driver/Inc -I../Drivers/STM32L4xx_HAL_Driver/Inc/Legacy -I../Drivers/CMSIS/Device/ST/STM32L4xx/Include -I../Drivers/CMSIS/Include -O0 -ffunction-sections -fdata-sections -Wall -fstack-usage -fcyclomatic-complexity -MMD -MP -MF"X-CUBE-AI/App/app_x-cube-ai.d" -MT"X-CUBE-AI/App/app_x-cube-ai.o" --specs=nano.specs -mfpu=fpv4-sp-d16 -mfloat-abi=hard -mthumb -o "X-CUBE-AI/App/app_x-cube-ai.o"
arm-none-eabi-gcc -o "Embedded_AI.elf" @"objects.list"  -l:NetworkRuntime1020_CM4_GCC.a -mcpu=cortex-m4 -T"C:\Users\heris\Documents\STM32\IA_embarquee\Embedded_AI\STM32L4R9AIIX_FLASH.ld" --specs=nosys.specs -Wl,-Map="Embedded_AI.map" -Wl,--gc-sections -static -L../Middlewares/ST/AI/Lib --specs=nano.specs -mfpu=fpv4-sp-d16 -mfloat-abi=hard -mthumb -Wl,--start-group -lc -lm -Wl,--end-group
Finished building target: Embedded_AI.elf
 
arm-none-eabi-size  Embedded_AI.elf 
arm-none-eabi-objdump -h -S Embedded_AI.elf  > "Embedded_AI.list"
   text	   data	    bss	    dec	    hex	filename
  63872	   2432	  10488	  76792	  12bf8	Embedded_AI.elf
Finished building: default.size.stdout
 
Finished building: Embedded_AI.list
 
11:32:31 **** Incremental Build of configuration Debug for project Embedded_AI ****
make -j16 all 
arm-none-eabi-gcc "../Core/Src/main.c" -mcpu=cortex-m4 -std=gnu11 -g3 -DDEBUG -DUSE_HAL_DRIVER -DSTM32L4R9xx -c -I../X-CUBE-AI/App -I../X-CUBE-AI -I../Core/Inc -I../Middlewares/ST/AI/Inc -I../Drivers/STM32L4xx_HAL_Driver/Inc -I../Drivers/STM32L4xx_HAL_Driver/Inc/Legacy -I../Drivers/CMSIS/Device/ST/STM32L4xx/Include -I../Drivers/CMSIS/Include -O0 -ffunction-sections -fdata-sections -Wall -fstack-usage -fcyclomatic-complexity -MMD -MP -MF"Core/Src/main.d" -MT"Core/Src/main.o" --specs=nano.specs -mfpu=fpv4-sp-d16 -mfloat-abi=hard -mthumb -o "Core/Src/main.o"
arm-none-eabi-gcc -o "Embedded_AI.elf" @"objects.list"  -l:NetworkRuntime1020_CM4_GCC.a -mcpu=cortex-m4 -T"C:\Users\heris\Documents\STM32\IA_embarquee\Embedded_AI\STM32L4R9AIIX_FLASH.ld" --specs=nosys.specs -Wl,-Map="Embedded_AI.map" -Wl,--gc-sections -static -L../Middlewares/ST/AI/Lib --specs=nano.specs -mfpu=fpv4-sp-d16 -mfloat-abi=hard -mthumb -Wl,--start-group -lc -lm -Wl,--end-group
Finished building target: Embedded_AI.elf
 
arm-none-eabi-size  Embedded_AI.elf 
arm-none-eabi-objdump -h -S Embedded_AI.elf  > "Embedded_AI.list"
   text	   data	    bss	    dec	    hex	filename
  63872	   2432	  10488	  76792	  12bf8	Embedded_AI.elf
Finished building: default.size.stdout
 
Finished building: Embedded_AI.list
 
